Archive member included to satisfy reference by file (symbol)

c:/st/stm32cubeide_1.2.0/stm32cubeide/plugins/com.st.stm32cube.ide.mcu.externaltools.gnu-tools-for-stm32.7-2018-q2-update.win32_1.0.0.201904181610/tools/bin/../lib/gcc/arm-none-eabi/7.3.1/../../../../arm-none-eabi/lib/thumb/v6-m\libc_nano.a(lib_a-errno.o)
                              Core\Src\syscalls.o (__errno)
c:/st/stm32cubeide_1.2.0/stm32cubeide/plugins/com.st.stm32cube.ide.mcu.externaltools.gnu-tools-for-stm32.7-2018-q2-update.win32_1.0.0.201904181610/tools/bin/../lib/gcc/arm-none-eabi/7.3.1/../../../../arm-none-eabi/lib/thumb/v6-m\libc_nano.a(lib_a-exit.o)
                              c:/st/stm32cubeide_1.2.0/stm32cubeide/plugins/com.st.stm32cube.ide.mcu.externaltools.gnu-tools-for-stm32.7-2018-q2-update.win32_1.0.0.201904181610/tools/bin/../lib/gcc/arm-none-eabi/7.3.1/../../../../arm-none-eabi/lib/thumb/v6-m/crt0.o (exit)
c:/st/stm32cubeide_1.2.0/stm32cubeide/plugins/com.st.stm32cube.ide.mcu.externaltools.gnu-tools-for-stm32.7-2018-q2-update.win32_1.0.0.201904181610/tools/bin/../lib/gcc/arm-none-eabi/7.3.1/../../../../arm-none-eabi/lib/thumb/v6-m\libc_nano.a(lib_a-impure.o)
                              c:/st/stm32cubeide_1.2.0/stm32cubeide/plugins/com.st.stm32cube.ide.mcu.externaltools.gnu-tools-for-stm32.7-2018-q2-update.win32_1.0.0.201904181610/tools/bin/../lib/gcc/arm-none-eabi/7.3.1/../../../../arm-none-eabi/lib/thumb/v6-m\libc_nano.a(lib_a-exit.o) (_global_impure_ptr)
c:/st/stm32cubeide_1.2.0/stm32cubeide/plugins/com.st.stm32cube.ide.mcu.externaltools.gnu-tools-for-stm32.7-2018-q2-update.win32_1.0.0.201904181610/tools/bin/../lib/gcc/arm-none-eabi/7.3.1/../../../../arm-none-eabi/lib/thumb/v6-m\libc_nano.a(lib_a-init.o)
                              c:/st/stm32cubeide_1.2.0/stm32cubeide/plugins/com.st.stm32cube.ide.mcu.externaltools.gnu-tools-for-stm32.7-2018-q2-update.win32_1.0.0.201904181610/tools/bin/../lib/gcc/arm-none-eabi/7.3.1/../../../../arm-none-eabi/lib/thumb/v6-m/crt0.o (__libc_init_array)
c:/st/stm32cubeide_1.2.0/stm32cubeide/plugins/com.st.stm32cube.ide.mcu.externaltools.gnu-tools-for-stm32.7-2018-q2-update.win32_1.0.0.201904181610/tools/bin/../lib/gcc/arm-none-eabi/7.3.1/../../../../arm-none-eabi/lib/thumb/v6-m\libc_nano.a(lib_a-memset.o)
                              c:/st/stm32cubeide_1.2.0/stm32cubeide/plugins/com.st.stm32cube.ide.mcu.externaltools.gnu-tools-for-stm32.7-2018-q2-update.win32_1.0.0.201904181610/tools/bin/../lib/gcc/arm-none-eabi/7.3.1/../../../../arm-none-eabi/lib/thumb/v6-m/crt0.o (memset)
c:/st/stm32cubeide_1.2.0/stm32cubeide/plugins/com.st.stm32cube.ide.mcu.externaltools.gnu-tools-for-stm32.7-2018-q2-update.win32_1.0.0.201904181610/tools/bin/../lib/gcc/arm-none-eabi/7.3.1/thumb/v6-m\libgcc.a(_udivsi3.o)
                              Core\Src\system_stm32f0xx.o (__aeabi_uidiv)
c:/st/stm32cubeide_1.2.0/stm32cubeide/plugins/com.st.stm32cube.ide.mcu.externaltools.gnu-tools-for-stm32.7-2018-q2-update.win32_1.0.0.201904181610/tools/bin/../lib/gcc/arm-none-eabi/7.3.1/thumb/v6-m\libgcc.a(_dvmd_tls.o)
                              c:/st/stm32cubeide_1.2.0/stm32cubeide/plugins/com.st.stm32cube.ide.mcu.externaltools.gnu-tools-for-stm32.7-2018-q2-update.win32_1.0.0.201904181610/tools/bin/../lib/gcc/arm-none-eabi/7.3.1/thumb/v6-m\libgcc.a(_udivsi3.o) (__aeabi_idiv0)

Allocating common symbols
Common symbol       size              file

htim15              0x40              Core\Src\main.o
dataRx              0x6               Core\Src\main.o
uwTick              0x4               Drivers\STM32F0xx_HAL_Driver\Src\stm32f0xx_hal.o
pFlash              0x20              Drivers\STM32F0xx_HAL_Driver\Src\stm32f0xx_hal_flash.o
dataRx2             0x4               Core\Src\main.o
hrtc                0x20              Core\Src\main.o
htim1               0x40              Core\Src\main.o
hspi1               0x64              Core\Src\main.o
htim2               0x40              Core\Src\main.o
hadc                0x40              Core\Src\main.o
dataRx3             0x10              Core\Src\main.o

Discarded input sections

 .text          0x0000000000000000        0x0 c:/st/stm32cubeide_1.2.0/stm32cubeide/plugins/com.st.stm32cube.ide.mcu.externaltools.gnu-tools-for-stm32.7-2018-q2-update.win32_1.0.0.201904181610/tools/bin/../lib/gcc/arm-none-eabi/7.3.1/thumb/v6-m/crti.o
 .data          0x0000000000000000        0x0 c:/st/stm32cubeide_1.2.0/stm32cubeide/plugins/com.st.stm32cube.ide.mcu.externaltools.gnu-tools-for-stm32.7-2018-q2-update.win32_1.0.0.201904181610/tools/bin/../lib/gcc/arm-none-eabi/7.3.1/thumb/v6-m/crti.o
 .bss           0x0000000000000000        0x0 c:/st/stm32cubeide_1.2.0/stm32cubeide/plugins/com.st.stm32cube.ide.mcu.externaltools.gnu-tools-for-stm32.7-2018-q2-update.win32_1.0.0.201904181610/tools/bin/../lib/gcc/arm-none-eabi/7.3.1/thumb/v6-m/crti.o
[...]
Memory Configuration

Name             Origin             Length             Attributes
RAM              0x0000000020000000 0x0000000000002000 xrw
FLASH            0x0000000008000000 0x0000000000010000 xr
*default*        0x0000000000000000 0xffffffffffffffff

Linker script and memory map

LOAD c:/st/stm32cubeide_1.2.0/stm32cubeide/plugins/com.st.stm32cube.ide.mcu.externaltools.gnu-tools-for-stm32.7-2018-q2-update.win32_1.0.0.201904181610/tools/bin/../lib/gcc/arm-none-eabi/7.3.1/thumb/v6-m/crti.o
LOAD c:/st/stm32cubeide_1.2.0/stm32cubeide/plugins/com.st.stm32cube.ide.mcu.externaltools.gnu-tools-for-stm32.7-2018-q2-update.win32_1.0.0.201904181610/tools/bin/../lib/gcc/arm-none-eabi/7.3.1/thumb/v6-m/crtbegin.o
LOAD c:/st/stm32cubeide_1.2.0/stm32cubeide/plugins/com.st.stm32cube.ide.mcu.externaltools.gnu-tools-for-stm32.7-2018-q2-update.win32_1.0.0.201904181610/tools/bin/../lib/gcc/arm-none-eabi/7.3.1/../../../../arm-none-eabi/lib/thumb/v6-m/crt0.o
LOAD Core\Src\flash.o
LOAD Core\Src\main.o
LOAD Core\Src\motor.o
LOAD Core\Src\stm32f0xx_hal_msp.o
LOAD Core\Src\stm32f0xx_it.o
LOAD Core\Src\syscalls.o
LOAD Core\Src\sysmem.o
LOAD Core\Src\system_stm32f0xx.o
LOAD Core\Startup\startup_stm32f051r8tx.o
LOAD Drivers\STM32F0xx_HAL_Driver\Src\stm32f0xx_hal.o
LOAD Drivers\STM32F0xx_HAL_Driver\Src\stm32f0xx_hal_adc.o
LOAD Drivers\STM32F0xx_HAL_Driver\Src\stm32f0xx_hal_adc_ex.o
LOAD Drivers\STM32F0xx_HAL_Driver\Src\stm32f0xx_hal_cortex.o
LOAD Drivers\STM32F0xx_HAL_Driver\Src\stm32f0xx_hal_dma.o
LOAD Drivers\STM32F0xx_HAL_Driver\Src\stm32f0xx_hal_exti.o
LOAD Drivers\STM32F0xx_HAL_Driver\Src\stm32f0xx_hal_flash.o
LOAD Drivers\STM32F0xx_HAL_Driver\Src\stm32f0xx_hal_flash_ex.o
LOAD Drivers\STM32F0xx_HAL_Driver\Src\stm32f0xx_hal_gpio.o
LOAD Drivers\STM32F0xx_HAL_Driver\Src\stm32f0xx_hal_i2c.o
LOAD Drivers\STM32F0xx_HAL_Driver\Src\stm32f0xx_hal_i2c_ex.o
LOAD Drivers\STM32F0xx_HAL_Driver\Src\stm32f0xx_hal_pwr.o
LOAD Drivers\STM32F0xx_HAL_Driver\Src\stm32f0xx_hal_pwr_ex.o
LOAD Drivers\STM32F0xx_HAL_Driver\Src\stm32f0xx_hal_rcc.o
LOAD Drivers\STM32F0xx_HAL_Driver\Src\stm32f0xx_hal_rcc_ex.o
LOAD Drivers\STM32F0xx_HAL_Driver\Src\stm32f0xx_hal_rtc.o
LOAD Drivers\STM32F0xx_HAL_Driver\Src\stm32f0xx_hal_rtc_ex.o
LOAD Drivers\STM32F0xx_HAL_Driver\Src\stm32f0xx_hal_spi.o
LOAD Drivers\STM32F0xx_HAL_Driver\Src\stm32f0xx_hal_spi_ex.o
LOAD Drivers\STM32F0xx_HAL_Driver\Src\stm32f0xx_hal_tim.o
LOAD Drivers\STM32F0xx_HAL_Driver\Src\stm32f0xx_hal_tim_ex.o
START GROUP
LOAD c:/st/stm32cubeide_1.2.0/stm32cubeide/plugins/com.st.stm32cube.ide.mcu.externaltools.gnu-tools-for-stm32.7-2018-q2-update.win32_1.0.0.201904181610/tools/bin/../lib/gcc/arm-none-eabi/7.3.1/../../../../arm-none-eabi/lib/thumb/v6-m\libc_nano.a
LOAD c:/st/stm32cubeide_1.2.0/stm32cubeide/plugins/com.st.stm32cube.ide.mcu.externaltools.gnu-tools-for-stm32.7-2018-q2-update.win32_1.0.0.201904181610/tools/bin/../lib/gcc/arm-none-eabi/7.3.1/../../../../arm-none-eabi/lib/thumb/v6-m\libm.a
END GROUP
START GROUP
LOAD c:/st/stm32cubeide_1.2.0/stm32cubeide/plugins/com.st.stm32cube.ide.mcu.externaltools.gnu-tools-for-stm32.7-2018-q2-update.win32_1.0.0.201904181610/tools/bin/../lib/gcc/arm-none-eabi/7.3.1/thumb/v6-m\libgcc.a
LOAD c:/st/stm32cubeide_1.2.0/stm32cubeide/plugins/com.st.stm32cube.ide.mcu.externaltools.gnu-tools-for-stm32.7-2018-q2-update.win32_1.0.0.201904181610/tools/bin/../lib/gcc/arm-none-eabi/7.3.1/../../../../arm-none-eabi/lib/thumb/v6-m\libc_nano.a
END GROUP
START GROUP
LOAD c:/st/stm32cubeide_1.2.0/stm32cubeide/plugins/com.st.stm32cube.ide.mcu.externaltools.gnu-tools-for-stm32.7-2018-q2-update.win32_1.0.0.201904181610/tools/bin/../lib/gcc/arm-none-eabi/7.3.1/thumb/v6-m\libgcc.a
LOAD c:/st/stm32cubeide_1.2.0/stm32cubeide/plugins/com.st.stm32cube.ide.mcu.externaltools.gnu-tools-for-stm32.7-2018-q2-update.win32_1.0.0.201904181610/tools/bin/../lib/gcc/arm-none-eabi/7.3.1/../../../../arm-none-eabi/lib/thumb/v6-m\libc_nano.a
LOAD c:/st/stm32cubeide_1.2.0/stm32cubeide/plugins/com.st.stm32cube.ide.mcu.externaltools.gnu-tools-for-stm32.7-2018-q2-update.win32_1.0.0.201904181610/tools/bin/../lib/gcc/arm-none-eabi/7.3.1/../../../../arm-none-eabi/lib/thumb/v6-m\libnosys.a
END GROUP
START GROUP
LOAD c:/st/stm32cubeide_1.2.0/stm32cubeide/plugins/com.st.stm32cube.ide.mcu.externaltools.gnu-tools-for-stm32.7-2018-q2-update.win32_1.0.0.201904181610/tools/bin/../lib/gcc/arm-none-eabi/7.3.1/thumb/v6-m\libgcc.a
LOAD c:/st/stm32cubeide_1.2.0/stm32cubeide/plugins/com.st.stm32cube.ide.mcu.externaltools.gnu-tools-for-stm32.7-2018-q2-update.win32_1.0.0.201904181610/tools/bin/../lib/gcc/arm-none-eabi/7.3.1/../../../../arm-none-eabi/lib/thumb/v6-m\libc_nano.a
LOAD c:/st/stm32cubeide_1.2.0/stm32cubeide/plugins/com.st.stm32cube.ide.mcu.externaltools.gnu-tools-for-stm32.7-2018-q2-update.win32_1.0.0.201904181610/tools/bin/../lib/gcc/arm-none-eabi/7.3.1/../../../../arm-none-eabi/lib/thumb/v6-m\libnosys.a
END GROUP
LOAD c:/st/stm32cubeide_1.2.0/stm32cubeide/plugins/com.st.stm32cube.ide.mcu.externaltools.gnu-tools-for-stm32.7-2018-q2-update.win32_1.0.0.201904181610/tools/bin/../lib/gcc/arm-none-eabi/7.3.1/thumb/v6-m/crtend.o
LOAD c:/st/stm32cubeide_1.2.0/stm32cubeide/plugins/com.st.stm32cube.ide.mcu.externaltools.gnu-tools-for-stm32.7-2018-q2-update.win32_1.0.0.201904181610/tools/bin/../lib/gcc/arm-none-eabi/7.3.1/thumb/v6-m/crtn.o
                0x0000000020002000                _estack = (ORIGIN (RAM) + LENGTH (RAM))
                0x0000000000000200                _Min_Heap_Size = 0x200
                0x0000000000000400                _Min_Stack_Size = 0x400

.isr_vector     0x0000000008000000       0xc0
                0x0000000008000000                . = ALIGN (0x4)
 *(.isr_vector)
 .isr_vector    0x0000000008000000       0xc0 Core\Startup\startup_stm32f051r8tx.o
                0x0000000008000000                g_pfnVectors
                0x00000000080000c0                . = ALIGN (0x4)

.text           0x00000000080000c0     0x4348
                0x00000000080000c0                . = ALIGN (0x4)
 *(.text)
 .text          0x00000000080000c0       0x48 c:/st/stm32cubeide_1.2.0/stm32cubeide/plugins/com.st.stm32cube.ide.mcu.externaltools.gnu-tools-for-stm32.7-2018-q2-update.win32_1.0.0.201904181610/tools/bin/../lib/gcc/arm-none-eabi/7.3.1/thumb/v6-m/crtbegin.o
 .text          0x0000000008000108      0x114 c:/st/stm32cubeide_1.2.0/stm32cubeide/plugins/com.st.stm32cube.ide.mcu.externaltools.gnu-tools-for-stm32.7-2018-q2-update.win32_1.0.0.201904181610/tools/bin/../lib/gcc/arm-none-eabi/7.3.1/thumb/v6-m\libgcc.a(_udivsi3.o)
                0x0000000008000108                __aeabi_uidiv
                0x0000000008000108                __udivsi3
                0x0000000008000214                __aeabi_uidivmod
 .text          0x000000000800021c        0x4 c:/st/stm32cubeide_1.2.0/stm32cubeide/plugins/com.st.stm32cube.ide.mcu.externaltools.gnu-tools-for-stm32.7-2018-q2-update.win32_1.0.0.201904181610/tools/bin/../lib/gcc/arm-none-eabi/7.3.1/thumb/v6-m\libgcc.a(_dvmd_tls.o)
                0x000000000800021c                __aeabi_idiv0
                0x000000000800021c                __aeabi_ldiv0
 *(.text*)
 .text.HAL_TIM_OC_DelayElapsedCallback
                0x0000000008000220      0x134 Core\Src\main.o
                0x0000000008000220                HAL_TIM_OC_DelayElapsedCallback
 .text.HAL_GPIO_EXTI_Callback
                0x0000000008000354       0x90 Core\Src\main.o
                0x0000000008000354                HAL_GPIO_EXTI_Callback
 .text.HAL_ADC_LevelOutOfWindowCallback
                0x00000000080003e4       0x10 Core\Src\main.o
                0x00000000080003e4                HAL_ADC_LevelOutOfWindowCallback
 .text.main     0x00000000080003f4       0xcc Core\Src\main.o
                0x00000000080003f4                main
 .text.SystemClock_Config
                0x00000000080004c0       0xd8 Core\Src\main.o
                0x00000000080004c0                SystemClock_Config
 .text.MX_ADC_Init
                0x0000000008000598       0xfc Core\Src\main.o
 .text.MX_RTC_Init
                0x0000000008000694       0xc4 Core\Src\main.o
 .text.MX_SPI1_Init
                0x0000000008000758       0x7c Core\Src\main.o
 .text.MX_TIM1_Init
                0x00000000080007d4      0x170 Core\Src\main.o
 .text.MX_TIM2_Init
                0x0000000008000944       0xf8 Core\Src\main.o
 .text.MX_TIM15_Init
                0x0000000008000a3c      0x168 Core\Src\main.o
 .text.MX_GPIO_Init
                0x0000000008000ba4      0x1c4 Core\Src\main.o
 .text.Error_Handler
                0x0000000008000d68        0xa Core\Src\main.o
                0x0000000008000d68                Error_Handler
 *fill*         0x0000000008000d72        0x2 
 .text.Move     0x0000000008000d74       0x50 Core\Src\motor.o
                0x0000000008000d74                Move
 .text.Move_Eighth
                0x0000000008000dc4       0x20 Core\Src\motor.o
                0x0000000008000dc4                Move_Eighth
 .text.HAL_MspInit
                0x0000000008000de4       0x48 Core\Src\stm32f0xx_hal_msp.o
                0x0000000008000de4                HAL_MspInit
 .text.HAL_ADC_MspInit
                0x0000000008000e2c       0xa0 Core\Src\stm32f0xx_hal_msp.o
                0x0000000008000e2c                HAL_ADC_MspInit
 .text.HAL_RTC_MspInit
                0x0000000008000ecc       0x30 Core\Src\stm32f0xx_hal_msp.o
                0x0000000008000ecc                HAL_RTC_MspInit
 .text.HAL_SPI_MspInit
                0x0000000008000efc       0x98 Core\Src\stm32f0xx_hal_msp.o
                0x0000000008000efc                HAL_SPI_MspInit
 .text.HAL_TIM_Base_MspInit
                0x0000000008000f94       0xb0 Core\Src\stm32f0xx_hal_msp.o
                0x0000000008000f94                HAL_TIM_Base_MspInit
 .text.HAL_TIM_MspPostInit
                0x0000000008001044       0xd8 Core\Src\stm32f0xx_hal_msp.o
                0x0000000008001044                HAL_TIM_MspPostInit
 .text.NMI_Handler
                0x000000000800111c        0xa Core\Src\stm32f0xx_it.o
                0x000000000800111c                NMI_Handler
 .text.HardFault_Handler
                0x0000000008001126        0x6 Core\Src\stm32f0xx_it.o
                0x0000000008001126                HardFault_Handler
 .text.SVC_Handler
                0x000000000800112c        0xa Core\Src\stm32f0xx_it.o
                0x000000000800112c                SVC_Handler
 .text.PendSV_Handler
                0x0000000008001136        0xa Core\Src\stm32f0xx_it.o
                0x0000000008001136                PendSV_Handler
 .text.SysTick_Handler
                0x0000000008001140        0xe Core\Src\stm32f0xx_it.o
                0x0000000008001140                SysTick_Handler
 .text.EXTI0_1_IRQHandler
                0x000000000800114e       0x10 Core\Src\stm32f0xx_it.o
                0x000000000800114e                EXTI0_1_IRQHandler
 *fill*         0x000000000800115e        0x2 
 .text.ADC1_COMP_IRQHandler
                0x0000000008001160       0x18 Core\Src\stm32f0xx_it.o
                0x0000000008001160                ADC1_COMP_IRQHandler
 .text.TIM1_CC_IRQHandler
                0x0000000008001178       0x18 Core\Src\stm32f0xx_it.o
                0x0000000008001178                TIM1_CC_IRQHandler
 .text.TIM2_IRQHandler
                0x0000000008001190       0x18 Core\Src\stm32f0xx_it.o
                0x0000000008001190                TIM2_IRQHandler
 .text.SystemInit
                0x00000000080011a8        0xa Core\Src\system_stm32f0xx.o
                0x00000000080011a8                SystemInit
 *fill*         0x00000000080011b2        0x2 
 .text.Reset_Handler
                0x00000000080011b4       0x50 Core\Startup\startup_stm32f051r8tx.o
                0x00000000080011b4                Reset_Handler
 .text.Default_Handler
                0x0000000008001204        0x2 Core\Startup\startup_stm32f051r8tx.o
                0x0000000008001204                TSC_IRQHandler
                0x0000000008001204                PVD_IRQHandler
                0x0000000008001204                I2C1_IRQHandler
                0x0000000008001204                RCC_CRS_IRQHandler
                0x0000000008001204                SPI1_IRQHandler
                0x0000000008001204                TIM6_DAC_IRQHandler
                0x0000000008001204                EXTI2_3_IRQHandler
                0x0000000008001204                I2C2_IRQHandler
                0x0000000008001204                TIM17_IRQHandler
                0x0000000008001204                CEC_CAN_IRQHandler
                0x0000000008001204                RTC_IRQHandler
                0x0000000008001204                TIM16_IRQHandler
                0x0000000008001204                TIM3_IRQHandler
                0x0000000008001204                EXTI4_15_IRQHandler
                0x0000000008001204                DMA1_Channel1_IRQHandler
                0x0000000008001204                Default_Handler
                0x0000000008001204                TIM14_IRQHandler
                0x0000000008001204                DMA1_Channel4_5_IRQHandler
                0x0000000008001204                TIM15_IRQHandler
                0x0000000008001204                SPI2_IRQHandler
                0x0000000008001204                WWDG_IRQHandler
                0x0000000008001204                DMA1_Channel2_3_IRQHandler
                0x0000000008001204                USART2_IRQHandler
                0x0000000008001204                FLASH_IRQHandler
                0x0000000008001204                USART1_IRQHandler
                0x0000000008001204                TIM1_BRK_UP_TRG_COM_IRQHandler
 *fill*         0x0000000008001206        0x2 
 .text.HAL_Init
                0x0000000008001208       0x28 Drivers\STM32F0xx_HAL_Driver\Src\stm32f0xx_hal.o
                0x0000000008001208                HAL_Init
 .text.HAL_InitTick
                0x0000000008001230       0x68 Drivers\STM32F0xx_HAL_Driver\Src\stm32f0xx_hal.o
                0x0000000008001230                HAL_InitTick
 .text.HAL_IncTick
                0x0000000008001298       0x24 Drivers\STM32F0xx_HAL_Driver\Src\stm32f0xx_hal.o
                0x0000000008001298                HAL_IncTick
 .text.HAL_GetTick
                0x00000000080012bc       0x14 Drivers\STM32F0xx_HAL_Driver\Src\stm32f0xx_hal.o
                0x00000000080012bc                HAL_GetTick
 .text.HAL_ADC_Init
                0x00000000080012d0      0x280 Drivers\STM32F0xx_HAL_Driver\Src\stm32f0xx_hal_adc.o
                0x00000000080012d0                HAL_ADC_Init
 .text.HAL_ADC_Start
                0x0000000008001550       0xa8 Drivers\STM32F0xx_HAL_Driver\Src\stm32f0xx_hal_adc.o
                0x0000000008001550                HAL_ADC_Start
 .text.HAL_ADC_Stop
                0x00000000080015f8       0x80 Drivers\STM32F0xx_HAL_Driver\Src\stm32f0xx_hal_adc.o
                0x00000000080015f8                HAL_ADC_Stop
 .text.HAL_ADC_PollForConversion
                0x0000000008001678      0x124 Drivers\STM32F0xx_HAL_Driver\Src\stm32f0xx_hal_adc.o
                0x0000000008001678                HAL_ADC_PollForConversion
 .text.HAL_ADC_GetValue
                0x000000000800179c       0x16 Drivers\STM32F0xx_HAL_Driver\Src\stm32f0xx_hal_adc.o
                0x000000000800179c                HAL_ADC_GetValue
 *fill*         0x00000000080017b2        0x2 
 .text.HAL_ADC_IRQHandler
                0x00000000080017b4      0x170 Drivers\STM32F0xx_HAL_Driver\Src\stm32f0xx_hal_adc.o
                0x00000000080017b4                HAL_ADC_IRQHandler
 .text.HAL_ADC_ConvCpltCallback
                0x0000000008001924       0x10 Drivers\STM32F0xx_HAL_Driver\Src\stm32f0xx_hal_adc.o
                0x0000000008001924                HAL_ADC_ConvCpltCallback
 .text.HAL_ADC_ErrorCallback
                0x0000000008001934       0x10 Drivers\STM32F0xx_HAL_Driver\Src\stm32f0xx_hal_adc.o
                0x0000000008001934                HAL_ADC_ErrorCallback
 .text.HAL_ADC_ConfigChannel
                0x0000000008001944      0x21c Drivers\STM32F0xx_HAL_Driver\Src\stm32f0xx_hal_adc.o
                0x0000000008001944                HAL_ADC_ConfigChannel
 .text.HAL_ADC_AnalogWDGConfig
                0x0000000008001b60      0x11c Drivers\STM32F0xx_HAL_Driver\Src\stm32f0xx_hal_adc.o
                0x0000000008001b60                HAL_ADC_AnalogWDGConfig
 .text.ADC_Enable
                0x0000000008001c7c       0xf8 Drivers\STM32F0xx_HAL_Driver\Src\stm32f0xx_hal_adc.o
 .text.ADC_Disable
                0x0000000008001d74       0xd4 Drivers\STM32F0xx_HAL_Driver\Src\stm32f0xx_hal_adc.o
 .text.ADC_ConversionStop
                0x0000000008001e48       0x8c Drivers\STM32F0xx_HAL_Driver\Src\stm32f0xx_hal_adc.o
 .text.__NVIC_EnableIRQ
                0x0000000008001ed4       0x34 Drivers\STM32F0xx_HAL_Driver\Src\stm32f0xx_hal_cortex.o
 .text.__NVIC_SetPriority
                0x0000000008001f08       0xdc Drivers\STM32F0xx_HAL_Driver\Src\stm32f0xx_hal_cortex.o
 .text.SysTick_Config
                0x0000000008001fe4       0x48 Drivers\STM32F0xx_HAL_Driver\Src\stm32f0xx_hal_cortex.o
 .text.HAL_NVIC_SetPriority
                0x000000000800202c       0x2a Drivers\STM32F0xx_HAL_Driver\Src\stm32f0xx_hal_cortex.o
                0x000000000800202c                HAL_NVIC_SetPriority
 .text.HAL_NVIC_EnableIRQ
                0x0000000008002056       0x20 Drivers\STM32F0xx_HAL_Driver\Src\stm32f0xx_hal_cortex.o
                0x0000000008002056                HAL_NVIC_EnableIRQ
 .text.HAL_SYSTICK_Config
                0x0000000008002076       0x1a Drivers\STM32F0xx_HAL_Driver\Src\stm32f0xx_hal_cortex.o
                0x0000000008002076                HAL_SYSTICK_Config
 .text.HAL_GPIO_Init
                0x0000000008002090      0x2e0 Drivers\STM32F0xx_HAL_Driver\Src\stm32f0xx_hal_gpio.o
                0x0000000008002090                HAL_GPIO_Init
 .text.HAL_GPIO_ReadPin
                0x0000000008002370       0x3a Drivers\STM32F0xx_HAL_Driver\Src\stm32f0xx_hal_gpio.o
                0x0000000008002370                HAL_GPIO_ReadPin
 .text.HAL_GPIO_WritePin
                0x00000000080023aa       0x3a Drivers\STM32F0xx_HAL_Driver\Src\stm32f0xx_hal_gpio.o
                0x00000000080023aa                HAL_GPIO_WritePin
 .text.HAL_GPIO_TogglePin
                0x00000000080023e4       0x36 Drivers\STM32F0xx_HAL_Driver\Src\stm32f0xx_hal_gpio.o
                0x00000000080023e4                HAL_GPIO_TogglePin
 *fill*         0x000000000800241a        0x2 
 .text.HAL_GPIO_EXTI_IRQHandler
                0x000000000800241c       0x38 Drivers\STM32F0xx_HAL_Driver\Src\stm32f0xx_hal_gpio.o
                0x000000000800241c                HAL_GPIO_EXTI_IRQHandler
 .text.HAL_RCC_OscConfig
                0x0000000008002454      0x638 Drivers\STM32F0xx_HAL_Driver\Src\stm32f0xx_hal_rcc.o
                0x0000000008002454                HAL_RCC_OscConfig
 .text.HAL_RCC_ClockConfig
                0x0000000008002a8c      0x19c Drivers\STM32F0xx_HAL_Driver\Src\stm32f0xx_hal_rcc.o
                0x0000000008002a8c                HAL_RCC_ClockConfig
 .text.HAL_RCC_GetSysClockFreq
                0x0000000008002c28       0xc8 Drivers\STM32F0xx_HAL_Driver\Src\stm32f0xx_hal_rcc.o
                0x0000000008002c28                HAL_RCC_GetSysClockFreq
 .text.HAL_RCCEx_PeriphCLKConfig
                0x0000000008002cf0      0x1bc Drivers\STM32F0xx_HAL_Driver\Src\stm32f0xx_hal_rcc_ex.o
                0x0000000008002cf0                HAL_RCCEx_PeriphCLKConfig
 .text.HAL_RTC_Init
                0x0000000008002eac      0x128 Drivers\STM32F0xx_HAL_Driver\Src\stm32f0xx_hal_rtc.o
                0x0000000008002eac                HAL_RTC_Init
 .text.HAL_RTC_SetTime
                0x0000000008002fd4      0x178 Drivers\STM32F0xx_HAL_Driver\Src\stm32f0xx_hal_rtc.o
                0x0000000008002fd4                HAL_RTC_SetTime
 .text.HAL_RTC_SetDate
                0x000000000800314c      0x14c Drivers\STM32F0xx_HAL_Driver\Src\stm32f0xx_hal_rtc.o
                0x000000000800314c                HAL_RTC_SetDate
 .text.HAL_RTC_WaitForSynchro
                0x0000000008003298       0x52 Drivers\STM32F0xx_HAL_Driver\Src\stm32f0xx_hal_rtc.o
                0x0000000008003298                HAL_RTC_WaitForSynchro
 .text.RTC_EnterInitMode
                0x00000000080032ea       0x58 Drivers\STM32F0xx_HAL_Driver\Src\stm32f0xx_hal_rtc.o
                0x00000000080032ea                RTC_EnterInitMode
 .text.RTC_ByteToBcd2
                0x0000000008003342       0x42 Drivers\STM32F0xx_HAL_Driver\Src\stm32f0xx_hal_rtc.o
                0x0000000008003342                RTC_ByteToBcd2
 .text.HAL_SPI_Init
                0x0000000008003384      0x134 Drivers\STM32F0xx_HAL_Driver\Src\stm32f0xx_hal_spi.o
                0x0000000008003384                HAL_SPI_Init
 .text.HAL_TIM_Base_Init
                0x00000000080034b8       0x58 Drivers\STM32F0xx_HAL_Driver\Src\stm32f0xx_hal_tim.o
                0x00000000080034b8                HAL_TIM_Base_Init
 .text.HAL_TIM_OC_Init
                0x0000000008003510       0x58 Drivers\STM32F0xx_HAL_Driver\Src\stm32f0xx_hal_tim.o
                0x0000000008003510                HAL_TIM_OC_Init
 .text.HAL_TIM_OC_MspInit
                0x0000000008003568       0x10 Drivers\STM32F0xx_HAL_Driver\Src\stm32f0xx_hal_tim.o
                0x0000000008003568                HAL_TIM_OC_MspInit
 .text.HAL_TIM_OC_Start
                0x0000000008003578       0x98 Drivers\STM32F0xx_HAL_Driver\Src\stm32f0xx_hal_tim.o
                0x0000000008003578                HAL_TIM_OC_Start
 .text.HAL_TIM_OC_Start_IT
                0x0000000008003610       0xf8 Drivers\STM32F0xx_HAL_Driver\Src\stm32f0xx_hal_tim.o
                0x0000000008003610                HAL_TIM_OC_Start_IT
 .text.HAL_TIM_IRQHandler
                0x0000000008003708      0x22c Drivers\STM32F0xx_HAL_Driver\Src\stm32f0xx_hal_tim.o
                0x0000000008003708                HAL_TIM_IRQHandler
 .text.HAL_TIM_OC_ConfigChannel
                0x0000000008003934       0x9c Drivers\STM32F0xx_HAL_Driver\Src\stm32f0xx_hal_tim.o
                0x0000000008003934                HAL_TIM_OC_ConfigChannel
 .text.HAL_TIM_ConfigClockSource
                0x00000000080039d0      0x17c Drivers\STM32F0xx_HAL_Driver\Src\stm32f0xx_hal_tim.o
                0x00000000080039d0                HAL_TIM_ConfigClockSource
 .text.HAL_TIM_PeriodElapsedCallback
                0x0000000008003b4c       0x10 Drivers\STM32F0xx_HAL_Driver\Src\stm32f0xx_hal_tim.o
                0x0000000008003b4c                HAL_TIM_PeriodElapsedCallback
 .text.HAL_TIM_IC_CaptureCallback
                0x0000000008003b5c       0x10 Drivers\STM32F0xx_HAL_Driver\Src\stm32f0xx_hal_tim.o
                0x0000000008003b5c                HAL_TIM_IC_CaptureCallback
 .text.HAL_TIM_PWM_PulseFinishedCallback
                0x0000000008003b6c       0x10 Drivers\STM32F0xx_HAL_Driver\Src\stm32f0xx_hal_tim.o
                0x0000000008003b6c                HAL_TIM_PWM_PulseFinishedCallback
 .text.HAL_TIM_TriggerCallback
                0x0000000008003b7c       0x10 Drivers\STM32F0xx_HAL_Driver\Src\stm32f0xx_hal_tim.o
                0x0000000008003b7c                HAL_TIM_TriggerCallback
 .text.TIM_Base_SetConfig
                0x0000000008003b8c      0x100 Drivers\STM32F0xx_HAL_Driver\Src\stm32f0xx_hal_tim.o
                0x0000000008003b8c                TIM_Base_SetConfig
 .text.TIM_OC1_SetConfig
                0x0000000008003c8c      0x110 Drivers\STM32F0xx_HAL_Driver\Src\stm32f0xx_hal_tim.o
 .text.TIM_OC2_SetConfig
                0x0000000008003d9c      0x108 Drivers\STM32F0xx_HAL_Driver\Src\stm32f0xx_hal_tim.o
                0x0000000008003d9c                TIM_OC2_SetConfig
 .text.TIM_OC3_SetConfig
                0x0000000008003ea4      0x10c Drivers\STM32F0xx_HAL_Driver\Src\stm32f0xx_hal_tim.o
 .text.TIM_OC4_SetConfig
                0x0000000008003fb0       0xd4 Drivers\STM32F0xx_HAL_Driver\Src\stm32f0xx_hal_tim.o
 .text.TIM_TI1_ConfigInputStage
                0x0000000008004084       0x5c Drivers\STM32F0xx_HAL_Driver\Src\stm32f0xx_hal_tim.o
 .text.TIM_TI2_ConfigInputStage
                0x00000000080040e0       0x64 Drivers\STM32F0xx_HAL_Driver\Src\stm32f0xx_hal_tim.o
 .text.TIM_ITRx_SetConfig
                0x0000000008004144       0x32 Drivers\STM32F0xx_HAL_Driver\Src\stm32f0xx_hal_tim.o
 *fill*         0x0000000008004176        0x2 
 .text.TIM_ETR_SetConfig
                0x0000000008004178       0x40 Drivers\STM32F0xx_HAL_Driver\Src\stm32f0xx_hal_tim.o
                0x0000000008004178                TIM_ETR_SetConfig
 .text.TIM_CCxChannelCmd
                0x00000000080041b8       0x46 Drivers\STM32F0xx_HAL_Driver\Src\stm32f0xx_hal_tim.o
                0x00000000080041b8                TIM_CCxChannelCmd
 *fill*         0x00000000080041fe        0x2 
 .text.HAL_TIMEx_MasterConfigSynchronization
                0x0000000008004200       0xbc Drivers\STM32F0xx_HAL_Driver\Src\stm32f0xx_hal_tim_ex.o
                0x0000000008004200                HAL_TIMEx_MasterConfigSynchronization
 .text.HAL_TIMEx_ConfigBreakDeadTime
                0x00000000080042bc       0xbc Drivers\STM32F0xx_HAL_Driver\Src\stm32f0xx_hal_tim_ex.o
                0x00000000080042bc                HAL_TIMEx_ConfigBreakDeadTime
 .text.HAL_TIMEx_CommutCallback
                0x0000000008004378       0x10 Drivers\STM32F0xx_HAL_Driver\Src\stm32f0xx_hal_tim_ex.o
                0x0000000008004378                HAL_TIMEx_CommutCallback
 .text.HAL_TIMEx_BreakCallback
                0x0000000008004388       0x10 Drivers\STM32F0xx_HAL_Driver\Src\stm32f0xx_hal_tim_ex.o
                0x0000000008004388                HAL_TIMEx_BreakCallback
 .text.__libc_init_array
                0x0000000008004398       0x48 c:/st/stm32cubeide_1.2.0/stm32cubeide/plugins/com.st.stm32cube.ide.mcu.externaltools.gnu-tools-for-stm32.7-2018-q2-update.win32_1.0.0.201904181610/tools/bin/../lib/gcc/arm-none-eabi/7.3.1/../../../../arm-none-eabi/lib/thumb/v6-m\libc_nano.a(lib_a-init.o)
                0x0000000008004398                __libc_init_array
 .text.memset   0x00000000080043e0       0x10 c:/st/stm32cubeide_1.2.0/stm32cubeide/plugins/com.st.stm32cube.ide.mcu.externaltools.gnu-tools-for-stm32.7-2018-q2-update.win32_1.0.0.201904181610/tools/bin/../lib/gcc/arm-none-eabi/7.3.1/../../../../arm-none-eabi/lib/thumb/v6-m\libc_nano.a(lib_a-memset.o)
                0x00000000080043e0                memset
 *(.glue_7)
 .glue_7        0x00000000080043f0        0x0 linker stubs
 *(.glue_7t)
 .glue_7t       0x00000000080043f0        0x0 linker stubs
 *(.eh_frame)
 .eh_frame      0x00000000080043f0        0x0 c:/st/stm32cubeide_1.2.0/stm32cubeide/plugins/com.st.stm32cube.ide.mcu.externaltools.gnu-tools-for-stm32.7-2018-q2-update.win32_1.0.0.201904181610/tools/bin/../lib/gcc/arm-none-eabi/7.3.1/thumb/v6-m/crtbegin.o
 *(.init)
 .init          0x00000000080043f0        0x4 c:/st/stm32cubeide_1.2.0/stm32cubeide/plugins/com.st.stm32cube.ide.mcu.externaltools.gnu-tools-for-stm32.7-2018-q2-update.win32_1.0.0.201904181610/tools/bin/../lib/gcc/arm-none-eabi/7.3.1/thumb/v6-m/crti.o
                0x00000000080043f0                _init
 .init          0x00000000080043f4        0x8 c:/st/stm32cubeide_1.2.0/stm32cubeide/plugins/com.st.stm32cube.ide.mcu.externaltools.gnu-tools-for-stm32.7-2018-q2-update.win32_1.0.0.201904181610/tools/bin/../lib/gcc/arm-none-eabi/7.3.1/thumb/v6-m/crtn.o
 *(.fini)
 .fini          0x00000000080043fc        0x4 c:/st/stm32cubeide_1.2.0/stm32cubeide/plugins/com.st.stm32cube.ide.mcu.externaltools.gnu-tools-for-stm32.7-2018-q2-update.win32_1.0.0.201904181610/tools/bin/../lib/gcc/arm-none-eabi/7.3.1/thumb/v6-m/crti.o
                0x00000000080043fc                _fini
 .fini          0x0000000008004400        0x8 c:/st/stm32cubeide_1.2.0/stm32cubeide/plugins/com.st.stm32cube.ide.mcu.externaltools.gnu-tools-for-stm32.7-2018-q2-update.win32_1.0.0.201904181610/tools/bin/../lib/gcc/arm-none-eabi/7.3.1/thumb/v6-m/crtn.o
                0x0000000008004408                . = ALIGN (0x4)
                0x0000000008004408                _etext = .

.vfp11_veneer   0x0000000008004408        0x0
 .vfp11_veneer  0x0000000008004408        0x0 linker stubs

.v4_bx          0x0000000008004408        0x0
 .v4_bx         0x0000000008004408        0x0 linker stubs

.iplt           0x0000000008004408        0x0
 .iplt          0x0000000008004408        0x0 c:/st/stm32cubeide_1.2.0/stm32cubeide/plugins/com.st.stm32cube.ide.mcu.externaltools.gnu-tools-for-stm32.7-2018-q2-update.win32_1.0.0.201904181610/tools/bin/../lib/gcc/arm-none-eabi/7.3.1/thumb/v6-m/crtbegin.o

.rodata         0x0000000008004408       0x30
                0x0000000008004408                . = ALIGN (0x4)
 *(.rodata)
 .rodata        0x0000000008004408       0x20 Drivers\STM32F0xx_HAL_Driver\Src\stm32f0xx_hal_rcc.o
 *(.rodata*)
 .rodata.AHBPrescTable
                0x0000000008004428       0x10 Core\Src\system_stm32f0xx.o
                0x0000000008004428                AHBPrescTable
                0x0000000008004438                . = ALIGN (0x4)

.rel.dyn        0x0000000008004438        0x0
 .rel.iplt      0x0000000008004438        0x0 c:/st/stm32cubeide_1.2.0/stm32cubeide/plugins/com.st.stm32cube.ide.mcu.externaltools.gnu-tools-for-stm32.7-2018-q2-update.win32_1.0.0.201904181610/tools/bin/../lib/gcc/arm-none-eabi/7.3.1/thumb/v6-m/crtbegin.o

.ARM.extab      0x0000000008004438        0x0
                0x0000000008004438                . = ALIGN (0x4)
 *(.ARM.extab* .gnu.linkonce.armextab.*)
                0x0000000008004438                . = ALIGN (0x4)

.ARM            0x0000000008004438        0x0
                0x0000000008004438                . = ALIGN (0x4)
                0x0000000008004438                __exidx_start = .
 *(.ARM.exidx*)
                0x0000000008004438                __exidx_end = .
                0x0000000008004438                . = ALIGN (0x4)

.preinit_array  0x0000000008004438        0x0
                0x0000000008004438                . = ALIGN (0x4)
                0x0000000008004438                PROVIDE (__preinit_array_start = .)
 *(.preinit_array*)
                0x0000000008004438                PROVIDE (__preinit_array_end = .)
                0x0000000008004438                . = ALIGN (0x4)

.init_array     0x0000000008004438        0x4
                0x0000000008004438                . = ALIGN (0x4)
                0x0000000008004438                PROVIDE (__init_array_start = .)
 *(SORT_BY_NAME(.init_array.*))
 *(.init_array*)
 .init_array    0x0000000008004438        0x4 c:/st/stm32cubeide_1.2.0/stm32cubeide/plugins/com.st.stm32cube.ide.mcu.externaltools.gnu-tools-for-stm32.7-2018-q2-update.win32_1.0.0.201904181610/tools/bin/../lib/gcc/arm-none-eabi/7.3.1/thumb/v6-m/crtbegin.o
                0x000000000800443c                PROVIDE (__init_array_end = .)
                0x000000000800443c                . = ALIGN (0x4)

.fini_array     0x000000000800443c        0x4
                0x000000000800443c                . = ALIGN (0x4)
                [!provide]                        PROVIDE (__fini_array_start = .)
 *(SORT_BY_NAME(.fini_array.*))
 *(.fini_array*)
 .fini_array    0x000000000800443c        0x4 c:/st/stm32cubeide_1.2.0/stm32cubeide/plugins/com.st.stm32cube.ide.mcu.externaltools.gnu-tools-for-stm32.7-2018-q2-update.win32_1.0.0.201904181610/tools/bin/../lib/gcc/arm-none-eabi/7.3.1/thumb/v6-m/crtbegin.o
                [!provide]                        PROVIDE (__fini_array_end = .)
                0x0000000008004440                . = ALIGN (0x4)
                0x0000000008004440                _sidata = LOADADDR (.data)

.data           0x0000000020000000       0x10 load address 0x0000000008004440
                0x0000000020000000                . = ALIGN (0x4)
                0x0000000020000000                _sdata = .
 *(.data)
 *(.data*)
 .data.dosageTimer
                0x0000000020000000        0x1 Core\Src\main.o
                0x0000000020000000                dosageTimer
 *fill*         0x0000000020000001        0x3 
 .data.SystemCoreClock
                0x0000000020000004        0x4 Core\Src\system_stm32f0xx.o
                0x0000000020000004                SystemCoreClock
 .data.uwTickPrio
                0x0000000020000008        0x4 Drivers\STM32F0xx_HAL_Driver\Src\stm32f0xx_hal.o
                0x0000000020000008                uwTickPrio
 .data.uwTickFreq
                0x000000002000000c        0x1 Drivers\STM32F0xx_HAL_Driver\Src\stm32f0xx_hal.o
                0x000000002000000c                uwTickFreq
                0x0000000020000010                . = ALIGN (0x4)
 *fill*         0x000000002000000d        0x3 
                0x0000000020000010                _edata = .

.igot.plt       0x0000000020000010        0x0 load address 0x0000000008004450
 .igot.plt      0x0000000020000010        0x0 c:/st/stm32cubeide_1.2.0/stm32cubeide/plugins/com.st.stm32cube.ide.mcu.externaltools.gnu-tools-for-stm32.7-2018-q2-update.win32_1.0.0.201904181610/tools/bin/../lib/gcc/arm-none-eabi/7.3.1/thumb/v6-m/crtbegin.o
                0x0000000020000010                . = ALIGN (0x4)

.bss            0x0000000020000010      0x1c8 load address 0x0000000008004450
                0x0000000020000010                _sbss = .
                0x0000000020000010                __bss_start__ = _sbss
 *(.bss)
 .bss           0x0000000020000010       0x1c c:/st/stm32cubeide_1.2.0/stm32cubeide/plugins/com.st.stm32cube.ide.mcu.externaltools.gnu-tools-for-stm32.7-2018-q2-update.win32_1.0.0.201904181610/tools/bin/../lib/gcc/arm-none-eabi/7.3.1/thumb/v6-m/crtbegin.o
 *(.bss*)
 .bss.tim_state
                0x000000002000002c        0x1 Core\Src\main.o
                0x000000002000002c                tim_state
 *fill*         0x000000002000002d        0x1 
 .bss.motor_count
                0x000000002000002e        0x2 Core\Src\main.o
                0x000000002000002e                motor_count
 .bss.speakerOn
                0x0000000020000030        0x1 Core\Src\main.o
                0x0000000020000030                speakerOn
 *fill*         0x0000000020000031        0x1 
 .bss.set_motor_steps
                0x0000000020000032        0x2 Core\Src\motor.o
                0x0000000020000032                set_motor_steps
 *(COMMON)
 COMMON         0x0000000020000034      0x1a0 Core\Src\main.o
                0x0000000020000034                htim15
                0x0000000020000074                dataRx
                0x000000002000007c                dataRx2
                0x0000000020000080                hrtc
                0x00000000200000a0                htim1
                0x00000000200000e0                hspi1
                0x0000000020000144                htim2
                0x0000000020000184                hadc
                0x00000000200001c4                dataRx3
 COMMON         0x00000000200001d4        0x4 Drivers\STM32F0xx_HAL_Driver\Src\stm32f0xx_hal.o
                0x00000000200001d4                uwTick
                0x00000000200001d8                . = ALIGN (0x4)
                0x00000000200001d8                _ebss = .
                0x00000000200001d8                __bss_end__ = _ebss

._user_heap_stack
                0x00000000200001d8      0x600 load address 0x0000000008004450
                0x00000000200001d8                . = ALIGN (0x8)
                0x00000000200001d8                PROVIDE (end = .)
                [!provide]                        PROVIDE (_end = .)
                0x00000000200003d8                . = (. + _Min_Heap_Size)
 *fill*         0x00000000200001d8      0x200 
                0x00000000200007d8                . = (. + _Min_Stack_Size)
 *fill*         0x00000000200003d8      0x400 
                0x00000000200007d8                . = ALIGN (0x8)

/DISCARD/
 libc.a(*)
 libm.a(*)
 libgcc.a(*)

.ARM.attributes
                0x0000000000000000       0x28
 *(.ARM.attributes)
 .ARM.attributes
                0x0000000000000000       0x1e c:/st/stm32cubeide_1.2.0/stm32cubeide/plugins/com.st.stm32cube.ide.mcu.externaltools.gnu-tools-for-stm32.7-2018-q2-update.win32_1.0.0.201904181610/tools/bin/../lib/gcc/arm-none-eabi/7.3.1/thumb/v6-m/crti.o
 .ARM.attributes
                0x000000000000001e       0x2c c:/st/stm32cubeide_1.2.0/stm32cubeide/plugins/com.st.stm32cube.ide.mcu.externaltools.gnu-tools-for-stm32.7-2018-q2-update.win32_1.0.0.201904181610/tools/bin/../lib/gcc/arm-none-eabi/7.3.1/thumb/v6-m/crtbegin.o
 .ARM.attributes
                0x000000000000004a       0x31 Core\Src\main.o
 .ARM.attributes
                0x000000000000007b       0x31 Core\Src\motor.o
 .ARM.attributes
                0x00000000000000ac       0x31 Core\Src\stm32f0xx_hal_msp.o
 .ARM.attributes
                0x00000000000000dd       0x31 Core\Src\stm32f0xx_it.o
 .ARM.attributes
                0x000000000000010e       0x31 Core\Src\system_stm32f0xx.o
 .ARM.attributes
                0x000000000000013f       0x21 Core\Startup\startup_stm32f051r8tx.o
 .ARM.attributes
                0x0000000000000160       0x31 Drivers\STM32F0xx_HAL_Driver\Src\stm32f0xx_hal.o
 .ARM.attributes
                0x0000000000000191       0x31 Drivers\STM32F0xx_HAL_Driver\Src\stm32f0xx_hal_adc.o
 .ARM.attributes
                0x00000000000001c2       0x31 Drivers\STM32F0xx_HAL_Driver\Src\stm32f0xx_hal_cortex.o
 .ARM.attributes
                0x00000000000001f3       0x31 Drivers\STM32F0xx_HAL_Driver\Src\stm32f0xx_hal_gpio.o
 .ARM.attributes
                0x0000000000000224       0x31 Drivers\STM32F0xx_HAL_Driver\Src\stm32f0xx_hal_rcc.o
 .ARM.attributes
                0x0000000000000255       0x31 Drivers\STM32F0xx_HAL_Driver\Src\stm32f0xx_hal_rcc_ex.o
 .ARM.attributes
                0x0000000000000286       0x31 Drivers\STM32F0xx_HAL_Driver\Src\stm32f0xx_hal_rtc.o
 .ARM.attributes
                0x00000000000002b7       0x31 Drivers\STM32F0xx_HAL_Driver\Src\stm32f0xx_hal_spi.o
 .ARM.attributes
                0x00000000000002e8       0x31 Drivers\STM32F0xx_HAL_Driver\Src\stm32f0xx_hal_tim.o
 .ARM.attributes
                0x0000000000000319       0x31 Drivers\STM32F0xx_HAL_Driver\Src\stm32f0xx_hal_tim_ex.o
 .ARM.attributes
                0x000000000000034a       0x2c c:/st/stm32cubeide_1.2.0/stm32cubeide/plugins/com.st.stm32cube.ide.mcu.externaltools.gnu-tools-for-stm32.7-2018-q2-update.win32_1.0.0.201904181610/tools/bin/../lib/gcc/arm-none-eabi/7.3.1/../../../../arm-none-eabi/lib/thumb/v6-m\libc_nano.a(lib_a-init.o)
 .ARM.attributes
                0x0000000000000376       0x2c c:/st/stm32cubeide_1.2.0/stm32cubeide/plugins/com.st.stm32cube.ide.mcu.externaltools.gnu-tools-for-stm32.7-2018-q2-update.win32_1.0.0.201904181610/tools/bin/../lib/gcc/arm-none-eabi/7.3.1/../../../../arm-none-eabi/lib/thumb/v6-m\libc_nano.a(lib_a-memset.o)
 .ARM.attributes
                0x00000000000003a2       0x1e c:/st/stm32cubeide_1.2.0/stm32cubeide/plugins/com.st.stm32cube.ide.mcu.externaltools.gnu-tools-for-stm32.7-2018-q2-update.win32_1.0.0.201904181610/tools/bin/../lib/gcc/arm-none-eabi/7.3.1/thumb/v6-m\libgcc.a(_udivsi3.o)
 .ARM.attributes
                0x00000000000003c0       0x1e c:/st/stm32cubeide_1.2.0/stm32cubeide/plugins/com.st.stm32cube.ide.mcu.externaltools.gnu-tools-for-stm32.7-2018-q2-update.win32_1.0.0.201904181610/tools/bin/../lib/gcc/arm-none-eabi/7.3.1/thumb/v6-m\libgcc.a(_dvmd_tls.o)
 .ARM.attributes
                0x00000000000003de       0x1e c:/st/stm32cubeide_1.2.0/stm32cubeide/plugins/com.st.stm32cube.ide.mcu.externaltools.gnu-tools-for-stm32.7-2018-q2-update.win32_1.0.0.201904181610/tools/bin/../lib/gcc/arm-none-eabi/7.3.1/thumb/v6-m/crtn.o
OUTPUT(power_mem_testing.elf elf32-littlearm)

.debug_info     0x0000000000000000     0xbcd4
 .debug_info    0x0000000000000000     0x17d7 Core\Src\main.o
 .debug_info    0x00000000000017d7      0x3b2 Core\Src\motor.o
 .debug_info    0x0000000000001b89     0x1206 Core\Src\stm32f0xx_hal_msp.o
 .debug_info    0x0000000000002d8f      0x899 Core\Src\stm32f0xx_it.o
 .debug_info    0x0000000000003628      0x29e Core\Src\system_stm32f0xx.o
 .debug_info    0x00000000000038c6       0x22 Core\Startup\startup_stm32f051r8tx.o
 .debug_info    0x00000000000038e8      0x6a8 Drivers\STM32F0xx_HAL_Driver\Src\stm32f0xx_hal.o
 .debug_info    0x0000000000003f90      0xc9f Drivers\STM32F0xx_HAL_Driver\Src\stm32f0xx_hal_adc.o
 .debug_info    0x0000000000004c2f      0x77a Drivers\STM32F0xx_HAL_Driver\Src\stm32f0xx_hal_cortex.o
 .debug_info    0x00000000000053a9      0x673 Drivers\STM32F0xx_HAL_Driver\Src\stm32f0xx_hal_gpio.o
 .debug_info    0x0000000000005a1c      0x821 Drivers\STM32F0xx_HAL_Driver\Src\stm32f0xx_hal_rcc.o
 .debug_info    0x000000000000623d      0x3d8 Drivers\STM32F0xx_HAL_Driver\Src\stm32f0xx_hal_rcc_ex.o
 .debug_info    0x0000000000006615      0xabe Drivers\STM32F0xx_HAL_Driver\Src\stm32f0xx_hal_rtc.o
 .debug_info    0x00000000000070d3     0x15f9 Drivers\STM32F0xx_HAL_Driver\Src\stm32f0xx_hal_spi.o
 .debug_info    0x00000000000086cc     0x2522 Drivers\STM32F0xx_HAL_Driver\Src\stm32f0xx_hal_tim.o
 .debug_info    0x000000000000abee     0x10e6 Drivers\STM32F0xx_HAL_Driver\Src\stm32f0xx_hal_tim_ex.o

.debug_abbrev   0x0000000000000000     0x1bfe
 .debug_abbrev  0x0000000000000000      0x258 Core\Src\main.o
 .debug_abbrev  0x0000000000000258      0x12f Core\Src\motor.o
 .debug_abbrev  0x0000000000000387      0x1f8 Core\Src\stm32f0xx_hal_msp.o
 .debug_abbrev  0x000000000000057f      0x169 Core\Src\stm32f0xx_it.o
 .debug_abbrev  0x00000000000006e8      0x12b Core\Src\system_stm32f0xx.o
 .debug_abbrev  0x0000000000000813       0x12 Core\Startup\startup_stm32f051r8tx.o
 .debug_abbrev  0x0000000000000825      0x1f2 Drivers\STM32F0xx_HAL_Driver\Src\stm32f0xx_hal.o
 .debug_abbrev  0x0000000000000a17      0x1cf Drivers\STM32F0xx_HAL_Driver\Src\stm32f0xx_hal_adc.o
 .debug_abbrev  0x0000000000000be6      0x273 Drivers\STM32F0xx_HAL_Driver\Src\stm32f0xx_hal_cortex.o
 .debug_abbrev  0x0000000000000e59      0x1c0 Drivers\STM32F0xx_HAL_Driver\Src\stm32f0xx_hal_gpio.o
 .debug_abbrev  0x0000000000001019      0x20f Drivers\STM32F0xx_HAL_Driver\Src\stm32f0xx_hal_rcc.o
 .debug_abbrev  0x0000000000001228      0x175 Drivers\STM32F0xx_HAL_Driver\Src\stm32f0xx_hal_rcc_ex.o
 .debug_abbrev  0x000000000000139d      0x1cd Drivers\STM32F0xx_HAL_Driver\Src\stm32f0xx_hal_rtc.o
 .debug_abbrev  0x000000000000156a      0x228 Drivers\STM32F0xx_HAL_Driver\Src\stm32f0xx_hal_spi.o
 .debug_abbrev  0x0000000000001792      0x23f Drivers\STM32F0xx_HAL_Driver\Src\stm32f0xx_hal_tim.o
 .debug_abbrev  0x00000000000019d1      0x22d Drivers\STM32F0xx_HAL_Driver\Src\stm32f0xx_hal_tim_ex.o

.debug_aranges  0x0000000000000000      0xce8
 .debug_aranges
                0x0000000000000000       0x80 Core\Src\main.o
 .debug_aranges
                0x0000000000000080       0x28 Core\Src\motor.o
 .debug_aranges
                0x00000000000000a8       0x68 Core\Src\stm32f0xx_hal_msp.o
 .debug_aranges
                0x0000000000000110       0x60 Core\Src\stm32f0xx_it.o
 .debug_aranges
                0x0000000000000170       0x28 Core\Src\system_stm32f0xx.o
 .debug_aranges
                0x0000000000000198       0x28 Core\Startup\startup_stm32f051r8tx.o
 .debug_aranges
                0x00000000000001c0       0xd0 Drivers\STM32F0xx_HAL_Driver\Src\stm32f0xx_hal.o
 .debug_aranges
                0x0000000000000290       0xf8 Drivers\STM32F0xx_HAL_Driver\Src\stm32f0xx_hal_adc.o
 .debug_aranges
                0x0000000000000388       0xc0 Drivers\STM32F0xx_HAL_Driver\Src\stm32f0xx_hal_cortex.o
 .debug_aranges
                0x0000000000000448       0x58 Drivers\STM32F0xx_HAL_Driver\Src\stm32f0xx_hal_gpio.o
 .debug_aranges
                0x00000000000004a0       0x80 Drivers\STM32F0xx_HAL_Driver\Src\stm32f0xx_hal_rcc.o
 .debug_aranges
                0x0000000000000520       0x30 Drivers\STM32F0xx_HAL_Driver\Src\stm32f0xx_hal_rcc_ex.o
 .debug_aranges
                0x0000000000000550       0xb8 Drivers\STM32F0xx_HAL_Driver\Src\stm32f0xx_hal_rtc.o
 .debug_aranges
                0x0000000000000608      0x1d8 Drivers\STM32F0xx_HAL_Driver\Src\stm32f0xx_hal_spi.o
 .debug_aranges
                0x00000000000007e0      0x3b8 Drivers\STM32F0xx_HAL_Driver\Src\stm32f0xx_hal_tim.o
 .debug_aranges
                0x0000000000000b98      0x150 Drivers\STM32F0xx_HAL_Driver\Src\stm32f0xx_hal_tim_ex.o

.debug_ranges   0x0000000000000000      0xc08
 .debug_ranges  0x0000000000000000       0x88 Core\Src\main.o
 .debug_ranges  0x0000000000000088       0x18 Core\Src\motor.o
 .debug_ranges  0x00000000000000a0       0x58 Core\Src\stm32f0xx_hal_msp.o
 .debug_ranges  0x00000000000000f8       0x50 Core\Src\stm32f0xx_it.o
 .debug_ranges  0x0000000000000148       0x18 Core\Src\system_stm32f0xx.o
 .debug_ranges  0x0000000000000160       0x20 Core\Startup\startup_stm32f051r8tx.o
 .debug_ranges  0x0000000000000180       0xc0 Drivers\STM32F0xx_HAL_Driver\Src\stm32f0xx_hal.o
 .debug_ranges  0x0000000000000240       0xe8 Drivers\STM32F0xx_HAL_Driver\Src\stm32f0xx_hal_adc.o
 .debug_ranges  0x0000000000000328       0xb0 Drivers\STM32F0xx_HAL_Driver\Src\stm32f0xx_hal_cortex.o
 .debug_ranges  0x00000000000003d8       0x48 Drivers\STM32F0xx_HAL_Driver\Src\stm32f0xx_hal_gpio.o
 .debug_ranges  0x0000000000000420       0x70 Drivers\STM32F0xx_HAL_Driver\Src\stm32f0xx_hal_rcc.o
 .debug_ranges  0x0000000000000490       0x20 Drivers\STM32F0xx_HAL_Driver\Src\stm32f0xx_hal_rcc_ex.o
 .debug_ranges  0x00000000000004b0       0xa8 Drivers\STM32F0xx_HAL_Driver\Src\stm32f0xx_hal_rtc.o
 .debug_ranges  0x0000000000000558      0x1c8 Drivers\STM32F0xx_HAL_Driver\Src\stm32f0xx_hal_spi.o
 .debug_ranges  0x0000000000000720      0x3a8 Drivers\STM32F0xx_HAL_Driver\Src\stm32f0xx_hal_tim.o
 .debug_ranges  0x0000000000000ac8      0x140 Drivers\STM32F0xx_HAL_Driver\Src\stm32f0xx_hal_tim_ex.o

.debug_macro    0x0000000000000000     0x1f0f
 .debug_macro   0x0000000000000000      0x208 Core\Src\main.o
 .debug_macro   0x0000000000000208       0xd6 Core\Src\main.o
 .debug_macro   0x00000000000002de       0x1c Core\Src\main.o
 .debug_macro   0x00000000000002fa       0x82 Core\Src\main.o
 .debug_macro   0x000000000000037c      0x1ff Core\Src\motor.o
 .debug_macro   0x000000000000057b       0x16 Core\Src\motor.o
 .debug_macro   0x0000000000000591      0x1f6 Core\Src\stm32f0xx_hal_msp.o
 .debug_macro   0x0000000000000787      0x200 Core\Src\stm32f0xx_it.o
 .debug_macro   0x0000000000000987      0x1e7 Core\Src\system_stm32f0xx.o
 .debug_macro   0x0000000000000b6e      0x20b Drivers\STM32F0xx_HAL_Driver\Src\stm32f0xx_hal.o
 .debug_macro   0x0000000000000d79      0x20b Drivers\STM32F0xx_HAL_Driver\Src\stm32f0xx_hal_adc.o
 .debug_macro   0x0000000000000f84      0x1e7 Drivers\STM32F0xx_HAL_Driver\Src\stm32f0xx_hal_cortex.o
 .debug_macro   0x000000000000116b      0x21f Drivers\STM32F0xx_HAL_Driver\Src\stm32f0xx_hal_gpio.o
 .debug_macro   0x000000000000138a      0x1f9 Drivers\STM32F0xx_HAL_Driver\Src\stm32f0xx_hal_rcc.o
 .debug_macro   0x0000000000001583      0x1e7 Drivers\STM32F0xx_HAL_Driver\Src\stm32f0xx_hal_rcc_ex.o
 .debug_macro   0x000000000000176a      0x1e7 Drivers\STM32F0xx_HAL_Driver\Src\stm32f0xx_hal_rtc.o
 .debug_macro   0x0000000000001951      0x1ef Drivers\STM32F0xx_HAL_Driver\Src\stm32f0xx_hal_spi.o
 .debug_macro   0x0000000000001b40      0x1e8 Drivers\STM32F0xx_HAL_Driver\Src\stm32f0xx_hal_tim.o
 .debug_macro   0x0000000000001d28      0x1e7 Drivers\STM32F0xx_HAL_Driver\Src\stm32f0xx_hal_tim_ex.o

.debug_line     0x0000000000000000     0xa30d
 .debug_line    0x0000000000000000      0x918 Core\Src\main.o
 .debug_line    0x0000000000000918      0x70c Core\Src\motor.o
 .debug_line    0x0000000000001024      0x7f0 Core\Src\stm32f0xx_hal_msp.o
 .debug_line    0x0000000000001814      0x798 Core\Src\stm32f0xx_it.o
 .debug_line    0x0000000000001fac      0x716 Core\Src\system_stm32f0xx.o
 .debug_line    0x00000000000026c2       0x89 Core\Startup\startup_stm32f051r8tx.o
 .debug_line    0x000000000000274b      0x8b2 Drivers\STM32F0xx_HAL_Driver\Src\stm32f0xx_hal.o
 .debug_line    0x0000000000002ffd      0xc8f Drivers\STM32F0xx_HAL_Driver\Src\stm32f0xx_hal_adc.o
 .debug_line    0x0000000000003c8c      0x8ca Drivers\STM32F0xx_HAL_Driver\Src\stm32f0xx_hal_cortex.o
 .debug_line    0x0000000000004556      0x877 Drivers\STM32F0xx_HAL_Driver\Src\stm32f0xx_hal_gpio.o
 .debug_line    0x0000000000004dcd      0x973 Drivers\STM32F0xx_HAL_Driver\Src\stm32f0xx_hal_rcc.o
 .debug_line    0x0000000000005740      0x7f1 Drivers\STM32F0xx_HAL_Driver\Src\stm32f0xx_hal_rcc_ex.o
 .debug_line    0x0000000000005f31      0xa5f Drivers\STM32F0xx_HAL_Driver\Src\stm32f0xx_hal_rtc.o
 .debug_line    0x0000000000006990     0x119b Drivers\STM32F0xx_HAL_Driver\Src\stm32f0xx_hal_spi.o
 .debug_line    0x0000000000007b2b     0x1ae4 Drivers\STM32F0xx_HAL_Driver\Src\stm32f0xx_hal_tim.o
 .debug_line    0x000000000000960f      0xcfe Drivers\STM32F0xx_HAL_Driver\Src\stm32f0xx_hal_tim_ex.o

.debug_str      0x0000000000000000    0x59933
 .debug_str     0x0000000000000000    0x56ff4 Core\Src\main.o
                                      0x57358 (size before relaxing)
 .debug_str     0x0000000000056ff4       0x25 Core\Src\motor.o
                                      0x560c2 (size before relaxing)
 .debug_str     0x0000000000057019       0xe1 Core\Src\stm32f0xx_hal_msp.o
                                      0x56b9b (size before relaxing)
 .debug_str     0x00000000000570fa       0xac Core\Src\stm32f0xx_it.o
                                      0x565cc (size before relaxing)
 .debug_str     0x00000000000571a6       0x5f Core\Src\system_stm32f0xx.o
                                      0x55d48 (size before relaxing)
 .debug_str     0x0000000000057205       0x36 Core\Startup\startup_stm32f051r8tx.o
                                         0x81 (size before relaxing)
 .debug_str     0x000000000005723b      0x39c Drivers\STM32F0xx_HAL_Driver\Src\stm32f0xx_hal.o
                                      0x56286 (size before relaxing)
 .debug_str     0x00000000000575d7      0x316 Drivers\STM32F0xx_HAL_Driver\Src\stm32f0xx_hal_adc.o
                                      0x56448 (size before relaxing)
 .debug_str     0x00000000000578ed      0x1f8 Drivers\STM32F0xx_HAL_Driver\Src\stm32f0xx_hal_cortex.o
                                      0x5613a (size before relaxing)
 .debug_str     0x0000000000057ae5      0x1ed Drivers\STM32F0xx_HAL_Driver\Src\stm32f0xx_hal_gpio.o
                                      0x55fe4 (size before relaxing)
 .debug_str     0x0000000000057cd2      0x254 Drivers\STM32F0xx_HAL_Driver\Src\stm32f0xx_hal_rcc.o
                                      0x56152 (size before relaxing)
 .debug_str     0x0000000000057f26       0xb1 Drivers\STM32F0xx_HAL_Driver\Src\stm32f0xx_hal_rcc_ex.o
                                      0x55e96 (size before relaxing)
 .debug_str     0x0000000000057fd7      0x210 Drivers\STM32F0xx_HAL_Driver\Src\stm32f0xx_hal_rtc.o
                                      0x561a5 (size before relaxing)
 .debug_str     0x00000000000581e7      0x571 Drivers\STM32F0xx_HAL_Driver\Src\stm32f0xx_hal_spi.o
                                      0x56681 (size before relaxing)
 .debug_str     0x0000000000058758      0xd40 Drivers\STM32F0xx_HAL_Driver\Src\stm32f0xx_hal_tim.o
                                      0x56f41 (size before relaxing)
 .debug_str     0x0000000000059498      0x49b Drivers\STM32F0xx_HAL_Driver\Src\stm32f0xx_hal_tim_ex.o
                                      0x566f5 (size before relaxing)

.comment        0x0000000000000000       0x7b
 .comment       0x0000000000000000       0x7b Core\Src\main.o
                                         0x7c (size before relaxing)
 .comment       0x000000000000007b       0x7c Core\Src\motor.o
 .comment       0x000000000000007b       0x7c Core\Src\stm32f0xx_hal_msp.o
 .comment       0x000000000000007b       0x7c Core\Src\stm32f0xx_it.o
 .comment       0x000000000000007b       0x7c Core\Src\system_stm32f0xx.o
 .comment       0x000000000000007b       0x7c Drivers\STM32F0xx_HAL_Driver\Src\stm32f0xx_hal.o
 .comment       0x000000000000007b       0x7c Drivers\STM32F0xx_HAL_Driver\Src\stm32f0xx_hal_adc.o
 .comment       0x000000000000007b       0x7c Drivers\STM32F0xx_HAL_Driver\Src\stm32f0xx_hal_cortex.o
 .comment       0x000000000000007b       0x7c Drivers\STM32F0xx_HAL_Driver\Src\stm32f0xx_hal_gpio.o
 .comment       0x000000000000007b       0x7c Drivers\STM32F0xx_HAL_Driver\Src\stm32f0xx_hal_rcc.o
 .comment       0x000000000000007b       0x7c Drivers\STM32F0xx_HAL_Driver\Src\stm32f0xx_hal_rcc_ex.o
 .comment       0x000000000000007b       0x7c Drivers\STM32F0xx_HAL_Driver\Src\stm32f0xx_hal_rtc.o
 .comment       0x000000000000007b       0x7c Drivers\STM32F0xx_HAL_Driver\Src\stm32f0xx_hal_spi.o
 .comment       0x000000000000007b       0x7c Drivers\STM32F0xx_HAL_Driver\Src\stm32f0xx_hal_tim.o
 .comment       0x000000000000007b       0x7c Drivers\STM32F0xx_HAL_Driver\Src\stm32f0xx_hal_tim_ex.o

.debug_frame    0x0000000000000000     0x2e24
 .debug_frame   0x0000000000000000      0x1a4 Core\Src\main.o
 .debug_frame   0x00000000000001a4       0x50 Core\Src\motor.o
 .debug_frame   0x00000000000001f4      0x150 Core\Src\stm32f0xx_hal_msp.o
 .debug_frame   0x0000000000000344      0x10c Core\Src\stm32f0xx_it.o
 .debug_frame   0x0000000000000450       0x4c Core\Src\system_stm32f0xx.o
 .debug_frame   0x000000000000049c      0x2a4 Drivers\STM32F0xx_HAL_Driver\Src\stm32f0xx_hal.o
 .debug_frame   0x0000000000000740      0x3a0 Drivers\STM32F0xx_HAL_Driver\Src\stm32f0xx_hal_adc.o
 .debug_frame   0x0000000000000ae0      0x2a0 Drivers\STM32F0xx_HAL_Driver\Src\stm32f0xx_hal_cortex.o
 .debug_frame   0x0000000000000d80      0x110 Drivers\STM32F0xx_HAL_Driver\Src\stm32f0xx_hal_gpio.o
 .debug_frame   0x0000000000000e90      0x198 Drivers\STM32F0xx_HAL_Driver\Src\stm32f0xx_hal_rcc.o
 .debug_frame   0x0000000000001028       0x70 Drivers\STM32F0xx_HAL_Driver\Src\stm32f0xx_hal_rcc_ex.o
 .debug_frame   0x0000000000001098      0x290 Drivers\STM32F0xx_HAL_Driver\Src\stm32f0xx_hal_rtc.o
 .debug_frame   0x0000000000001328      0x710 Drivers\STM32F0xx_HAL_Driver\Src\stm32f0xx_hal_spi.o
 .debug_frame   0x0000000000001a38      0xe90 Drivers\STM32F0xx_HAL_Driver\Src\stm32f0xx_hal_tim.o
 .debug_frame   0x00000000000028c8      0x4f0 Drivers\STM32F0xx_HAL_Driver\Src\stm32f0xx_hal_tim_ex.o
 .debug_frame   0x0000000000002db8       0x2c c:/st/stm32cubeide_1.2.0/stm32cubeide/plugins/com.st.stm32cube.ide.mcu.externaltools.gnu-tools-for-stm32.7-2018-q2-update.win32_1.0.0.201904181610/tools/bin/../lib/gcc/arm-none-eabi/7.3.1/../../../../arm-none-eabi/lib/thumb/v6-m\libc_nano.a(lib_a-init.o)
 .debug_frame   0x0000000000002de4       0x20 c:/st/stm32cubeide_1.2.0/stm32cubeide/plugins/com.st.stm32cube.ide.mcu.externaltools.gnu-tools-for-stm32.7-2018-q2-update.win32_1.0.0.201904181610/tools/bin/../lib/gcc/arm-none-eabi/7.3.1/../../../../arm-none-eabi/lib/thumb/v6-m\libc_nano.a(lib_a-memset.o)
 .debug_frame   0x0000000000002e04       0x20 c:/st/stm32cubeide_1.2.0/stm32cubeide/plugins/com.st.stm32cube.ide.mcu.externaltools.gnu-tools-for-stm32.7-2018-q2-update.win32_1.0.0.201904181610/tools/bin/../lib/gcc/arm-none-eabi/7.3.1/thumb/v6-m\libgcc.a(_udivsi3.o)
