Archive member included to satisfy reference by file (symbol)

c:/st/stm32cubeide_1.2.0/stm32cubeide/plugins/com.st.stm32cube.ide.mcu.externaltools.gnu-tools-for-stm32.7-2018-q2-update.win32_1.0.0.201904181610/tools/bin/../lib/gcc/arm-none-eabi/7.3.1/../../../../arm-none-eabi/lib/thumb/v6-m\libc_nano.a(lib_a-errno.o)
                              Core\Src\syscalls.o (__errno)
c:/st/stm32cubeide_1.2.0/stm32cubeide/plugins/com.st.stm32cube.ide.mcu.externaltools.gnu-tools-for-stm32.7-2018-q2-update.win32_1.0.0.201904181610/tools/bin/../lib/gcc/arm-none-eabi/7.3.1/../../../../arm-none-eabi/lib/thumb/v6-m\libc_nano.a(lib_a-exit.o)
                              c:/st/stm32cubeide_1.2.0/stm32cubeide/plugins/com.st.stm32cube.ide.mcu.externaltools.gnu-tools-for-stm32.7-2018-q2-update.win32_1.0.0.201904181610/tools/bin/../lib/gcc/arm-none-eabi/7.3.1/../../../../arm-none-eabi/lib/thumb/v6-m/crt0.o (exit)
c:/st/stm32cubeide_1.2.0/stm32cubeide/plugins/com.st.stm32cube.ide.mcu.externaltools.gnu-tools-for-stm32.7-2018-q2-update.win32_1.0.0.201904181610/tools/bin/../lib/gcc/arm-none-eabi/7.3.1/../../../../arm-none-eabi/lib/thumb/v6-m\libc_nano.a(lib_a-impure.o)
                              c:/st/stm32cubeide_1.2.0/stm32cubeide/plugins/com.st.stm32cube.ide.mcu.externaltools.gnu-tools-for-stm32.7-2018-q2-update.win32_1.0.0.201904181610/tools/bin/../lib/gcc/arm-none-eabi/7.3.1/../../../../arm-none-eabi/lib/thumb/v6-m\libc_nano.a(lib_a-exit.o) (_global_impure_ptr)
c:/st/stm32cubeide_1.2.0/stm32cubeide/plugins/com.st.stm32cube.ide.mcu.externaltools.gnu-tools-for-stm32.7-2018-q2-update.win32_1.0.0.201904181610/tools/bin/../lib/gcc/arm-none-eabi/7.3.1/../../../../arm-none-eabi/lib/thumb/v6-m\libc_nano.a(lib_a-init.o)
                              c:/st/stm32cubeide_1.2.0/stm32cubeide/plugins/com.st.stm32cube.ide.mcu.externaltools.gnu-tools-for-stm32.7-2018-q2-update.win32_1.0.0.201904181610/tools/bin/../lib/gcc/arm-none-eabi/7.3.1/../../../../arm-none-eabi/lib/thumb/v6-m/crt0.o (__libc_init_array)
c:/st/stm32cubeide_1.2.0/stm32cubeide/plugins/com.st.stm32cube.ide.mcu.externaltools.gnu-tools-for-stm32.7-2018-q2-update.win32_1.0.0.201904181610/tools/bin/../lib/gcc/arm-none-eabi/7.3.1/../../../../arm-none-eabi/lib/thumb/v6-m\libc_nano.a(lib_a-memset.o)
                              c:/st/stm32cubeide_1.2.0/stm32cubeide/plugins/com.st.stm32cube.ide.mcu.externaltools.gnu-tools-for-stm32.7-2018-q2-update.win32_1.0.0.201904181610/tools/bin/../lib/gcc/arm-none-eabi/7.3.1/../../../../arm-none-eabi/lib/thumb/v6-m/crt0.o (memset)
c:/st/stm32cubeide_1.2.0/stm32cubeide/plugins/com.st.stm32cube.ide.mcu.externaltools.gnu-tools-for-stm32.7-2018-q2-update.win32_1.0.0.201904181610/tools/bin/../lib/gcc/arm-none-eabi/7.3.1/thumb/v6-m\libgcc.a(_udivsi3.o)
                              Core\Src\system_stm32f0xx.o (__aeabi_uidiv)
c:/st/stm32cubeide_1.2.0/stm32cubeide/plugins/com.st.stm32cube.ide.mcu.externaltools.gnu-tools-for-stm32.7-2018-q2-update.win32_1.0.0.201904181610/tools/bin/../lib/gcc/arm-none-eabi/7.3.1/thumb/v6-m\libgcc.a(_dvmd_tls.o)
                              c:/st/stm32cubeide_1.2.0/stm32cubeide/plugins/com.st.stm32cube.ide.mcu.externaltools.gnu-tools-for-stm32.7-2018-q2-update.win32_1.0.0.201904181610/tools/bin/../lib/gcc/arm-none-eabi/7.3.1/thumb/v6-m\libgcc.a(_udivsi3.o) (__aeabi_idiv0)

Allocating common symbols
Common symbol       size              file

uwTick              0x4               Drivers\STM32F0xx_HAL_Driver\Src\stm32f0xx_hal.o
pFlash              0x20              Drivers\STM32F0xx_HAL_Driver\Src\stm32f0xx_hal_flash.o
htim1               0x40              Core\Src\main.o

Discarded input sections

 .text          0x0000000000000000        0x0 c:/st/stm32cubeide_1.2.0/stm32cubeide/plugins/com.st.stm32cube.ide.mcu.externaltools.gnu-tools-for-stm32.7-2018-q2-update.win32_1.0.0.201904181610/tools/bin/../lib/gcc/arm-none-eabi/7.3.1/thumb/v6-m/crti.o
 .data          0x0000000000000000        0x0 c:/st/stm32cubeide_1.2.0/stm32cubeide/plugins/com.st.stm32cube.ide.mcu.externaltools.gnu-tools-for-stm32.7-2018-q2-update.win32_1.0.0.201904181610/tools/bin/../lib/gcc/arm-none-eabi/7.3.1/thumb/v6-m/crti.o
 .bss           0x0000000000000000        0x0 c:/st/stm32cubeide_1.2.0/stm32cubeide/plugins/com.st.stm32cube.ide.mcu.externaltools.gnu-tools-for-stm32.7-2018-q2-update.win32_1.0.0.201904181610/tools/bin/../lib/gcc/arm-none-eabi/7.3.1/thumb/v6-m/crti.o
 .data          0x0000000000000000        0x4 c:/st/stm32cubeide_1.2.0/stm32cubeide/plugins/com.st.stm32cube.ide.mcu.externaltools.gnu-tools-for-stm32.7-2018-q2-update.win32_1.0.0.201904181610/tools/bin/../lib/gcc/arm-none-eabi/7.3.1/thumb/v6-m/crtbegin.o
 .text          0x0000000000000000       0x78 c:/st/stm32cubeide_1.2.0/stm32cubeide/plugins/com.st.stm32cube.ide.mcu.externaltools.gnu-tools-for-stm32.7-2018-q2-update.win32_1.0.0.201904181610/tools/bin/../lib/gcc/arm-none-eabi/7.3.1/../../../../arm-none-eabi/lib/thumb/v6-m/crt0.o
[...]
Memory Configuration

Name             Origin             Length             Attributes
RAM              0x0000000020000000 0x0000000000002000 xrw
FLASH            0x0000000008000000 0x0000000000010000 xr
*default*        0x0000000000000000 0xffffffffffffffff

Linker script and memory map

LOAD c:/st/stm32cubeide_1.2.0/stm32cubeide/plugins/com.st.stm32cube.ide.mcu.externaltools.gnu-tools-for-stm32.7-2018-q2-update.win32_1.0.0.201904181610/tools/bin/../lib/gcc/arm-none-eabi/7.3.1/thumb/v6-m/crti.o
LOAD c:/st/stm32cubeide_1.2.0/stm32cubeide/plugins/com.st.stm32cube.ide.mcu.externaltools.gnu-tools-for-stm32.7-2018-q2-update.win32_1.0.0.201904181610/tools/bin/../lib/gcc/arm-none-eabi/7.3.1/thumb/v6-m/crtbegin.o
LOAD c:/st/stm32cubeide_1.2.0/stm32cubeide/plugins/com.st.stm32cube.ide.mcu.externaltools.gnu-tools-for-stm32.7-2018-q2-update.win32_1.0.0.201904181610/tools/bin/../lib/gcc/arm-none-eabi/7.3.1/../../../../arm-none-eabi/lib/thumb/v6-m/crt0.o
LOAD Core\Src\main.o
LOAD Core\Src\motor.o
LOAD Core\Src\stm32f0xx_hal_msp.o
LOAD Core\Src\stm32f0xx_it.o
LOAD Core\Src\syscalls.o
LOAD Core\Src\sysmem.o
LOAD Core\Src\system_stm32f0xx.o
LOAD Core\Startup\startup_stm32f051r8tx.o
LOAD Drivers\STM32F0xx_HAL_Driver\Src\stm32f0xx_hal.o
LOAD Drivers\STM32F0xx_HAL_Driver\Src\stm32f0xx_hal_cortex.o
LOAD Drivers\STM32F0xx_HAL_Driver\Src\stm32f0xx_hal_dma.o
LOAD Drivers\STM32F0xx_HAL_Driver\Src\stm32f0xx_hal_exti.o
LOAD Drivers\STM32F0xx_HAL_Driver\Src\stm32f0xx_hal_flash.o
LOAD Drivers\STM32F0xx_HAL_Driver\Src\stm32f0xx_hal_flash_ex.o
LOAD Drivers\STM32F0xx_HAL_Driver\Src\stm32f0xx_hal_gpio.o
LOAD Drivers\STM32F0xx_HAL_Driver\Src\stm32f0xx_hal_i2c.o
LOAD Drivers\STM32F0xx_HAL_Driver\Src\stm32f0xx_hal_i2c_ex.o
LOAD Drivers\STM32F0xx_HAL_Driver\Src\stm32f0xx_hal_pwr.o
LOAD Drivers\STM32F0xx_HAL_Driver\Src\stm32f0xx_hal_pwr_ex.o
LOAD Drivers\STM32F0xx_HAL_Driver\Src\stm32f0xx_hal_rcc.o
LOAD Drivers\STM32F0xx_HAL_Driver\Src\stm32f0xx_hal_rcc_ex.o
LOAD Drivers\STM32F0xx_HAL_Driver\Src\stm32f0xx_hal_tim.o
LOAD Drivers\STM32F0xx_HAL_Driver\Src\stm32f0xx_hal_tim_ex.o
START GROUP
LOAD c:/st/stm32cubeide_1.2.0/stm32cubeide/plugins/com.st.stm32cube.ide.mcu.externaltools.gnu-tools-for-stm32.7-2018-q2-update.win32_1.0.0.201904181610/tools/bin/../lib/gcc/arm-none-eabi/7.3.1/../../../../arm-none-eabi/lib/thumb/v6-m\libc_nano.a
LOAD c:/st/stm32cubeide_1.2.0/stm32cubeide/plugins/com.st.stm32cube.ide.mcu.externaltools.gnu-tools-for-stm32.7-2018-q2-update.win32_1.0.0.201904181610/tools/bin/../lib/gcc/arm-none-eabi/7.3.1/../../../../arm-none-eabi/lib/thumb/v6-m\libm.a
END GROUP
START GROUP
LOAD c:/st/stm32cubeide_1.2.0/stm32cubeide/plugins/com.st.stm32cube.ide.mcu.externaltools.gnu-tools-for-stm32.7-2018-q2-update.win32_1.0.0.201904181610/tools/bin/../lib/gcc/arm-none-eabi/7.3.1/thumb/v6-m\libgcc.a
LOAD c:/st/stm32cubeide_1.2.0/stm32cubeide/plugins/com.st.stm32cube.ide.mcu.externaltools.gnu-tools-for-stm32.7-2018-q2-update.win32_1.0.0.201904181610/tools/bin/../lib/gcc/arm-none-eabi/7.3.1/../../../../arm-none-eabi/lib/thumb/v6-m\libc_nano.a
END GROUP
START GROUP
LOAD c:/st/stm32cubeide_1.2.0/stm32cubeide/plugins/com.st.stm32cube.ide.mcu.externaltools.gnu-tools-for-stm32.7-2018-q2-update.win32_1.0.0.201904181610/tools/bin/../lib/gcc/arm-none-eabi/7.3.1/thumb/v6-m\libgcc.a
LOAD c:/st/stm32cubeide_1.2.0/stm32cubeide/plugins/com.st.stm32cube.ide.mcu.externaltools.gnu-tools-for-stm32.7-2018-q2-update.win32_1.0.0.201904181610/tools/bin/../lib/gcc/arm-none-eabi/7.3.1/../../../../arm-none-eabi/lib/thumb/v6-m\libc_nano.a
LOAD c:/st/stm32cubeide_1.2.0/stm32cubeide/plugins/com.st.stm32cube.ide.mcu.externaltools.gnu-tools-for-stm32.7-2018-q2-update.win32_1.0.0.201904181610/tools/bin/../lib/gcc/arm-none-eabi/7.3.1/../../../../arm-none-eabi/lib/thumb/v6-m\libnosys.a
END GROUP
START GROUP
LOAD c:/st/stm32cubeide_1.2.0/stm32cubeide/plugins/com.st.stm32cube.ide.mcu.externaltools.gnu-tools-for-stm32.7-2018-q2-update.win32_1.0.0.201904181610/tools/bin/../lib/gcc/arm-none-eabi/7.3.1/thumb/v6-m\libgcc.a
LOAD c:/st/stm32cubeide_1.2.0/stm32cubeide/plugins/com.st.stm32cube.ide.mcu.externaltools.gnu-tools-for-stm32.7-2018-q2-update.win32_1.0.0.201904181610/tools/bin/../lib/gcc/arm-none-eabi/7.3.1/../../../../arm-none-eabi/lib/thumb/v6-m\libc_nano.a
LOAD c:/st/stm32cubeide_1.2.0/stm32cubeide/plugins/com.st.stm32cube.ide.mcu.externaltools.gnu-tools-for-stm32.7-2018-q2-update.win32_1.0.0.201904181610/tools/bin/../lib/gcc/arm-none-eabi/7.3.1/../../../../arm-none-eabi/lib/thumb/v6-m\libnosys.a
END GROUP
LOAD c:/st/stm32cubeide_1.2.0/stm32cubeide/plugins/com.st.stm32cube.ide.mcu.externaltools.gnu-tools-for-stm32.7-2018-q2-update.win32_1.0.0.201904181610/tools/bin/../lib/gcc/arm-none-eabi/7.3.1/thumb/v6-m/crtend.o
LOAD c:/st/stm32cubeide_1.2.0/stm32cubeide/plugins/com.st.stm32cube.ide.mcu.externaltools.gnu-tools-for-stm32.7-2018-q2-update.win32_1.0.0.201904181610/tools/bin/../lib/gcc/arm-none-eabi/7.3.1/thumb/v6-m/crtn.o
                0x0000000020002000                _estack = (ORIGIN (RAM) + LENGTH (RAM))
                0x0000000000000200                _Min_Heap_Size = 0x200
                0x0000000000000400                _Min_Stack_Size = 0x400

.isr_vector     0x0000000008000000       0xc0
                0x0000000008000000                . = ALIGN (0x4)
 *(.isr_vector)
 .isr_vector    0x0000000008000000       0xc0 Core\Startup\startup_stm32f051r8tx.o
                0x0000000008000000                g_pfnVectors
                0x00000000080000c0                . = ALIGN (0x4)

.text           0x00000000080000c0     0x2664
                0x00000000080000c0                . = ALIGN (0x4)
 *(.text)
 .text          0x00000000080000c0       0x48 c:/st/stm32cubeide_1.2.0/stm32cubeide/plugins/com.st.stm32cube.ide.mcu.externaltools.gnu-tools-for-stm32.7-2018-q2-update.win32_1.0.0.201904181610/tools/bin/../lib/gcc/arm-none-eabi/7.3.1/thumb/v6-m/crtbegin.o
 .text          0x0000000008000108      0x114 c:/st/stm32cubeide_1.2.0/stm32cubeide/plugins/com.st.stm32cube.ide.mcu.externaltools.gnu-tools-for-stm32.7-2018-q2-update.win32_1.0.0.201904181610/tools/bin/../lib/gcc/arm-none-eabi/7.3.1/thumb/v6-m\libgcc.a(_udivsi3.o)
                0x0000000008000108                __aeabi_uidiv
                0x0000000008000108                __udivsi3
                0x0000000008000214                __aeabi_uidivmod
 .text          0x000000000800021c        0x4 c:/st/stm32cubeide_1.2.0/stm32cubeide/plugins/com.st.stm32cube.ide.mcu.externaltools.gnu-tools-for-stm32.7-2018-q2-update.win32_1.0.0.201904181610/tools/bin/../lib/gcc/arm-none-eabi/7.3.1/thumb/v6-m\libgcc.a(_dvmd_tls.o)
                0x000000000800021c                __aeabi_idiv0
                0x000000000800021c                __aeabi_ldiv0
 *(.text*)
 .text.HAL_TIM_OC_DelayElapsedCallback
                0x0000000008000220       0x88 Core\Src\main.o
                0x0000000008000220                HAL_TIM_OC_DelayElapsedCallback
 .text.HAL_GPIO_EXTI_Callback
                0x00000000080002a8       0x5c Core\Src\main.o
                0x00000000080002a8                HAL_GPIO_EXTI_Callback
 .text.main     0x0000000008000304       0xac Core\Src\main.o
                0x0000000008000304                main
 .text.SystemClock_Config
                0x00000000080003b0       0x94 Core\Src\main.o
                0x00000000080003b0                SystemClock_Config
 .text.MX_TIM1_Init
                0x0000000008000444      0x170 Core\Src\main.o
 .text.MX_GPIO_Init
                0x00000000080005b4      0x19c Core\Src\main.o
 .text.Error_Handler
                0x0000000008000750        0xa Core\Src\main.o
                0x0000000008000750                Error_Handler
 *fill*         0x000000000800075a        0x2 
 .text.Move     0x000000000800075c       0x38 Core\Src\motor.o
                0x000000000800075c                Move
 .text.Move_Eighth
                0x0000000008000794       0x20 Core\Src\motor.o
                0x0000000008000794                Move_Eighth
 .text.HAL_MspInit
                0x00000000080007b4       0x48 Core\Src\stm32f0xx_hal_msp.o
                0x00000000080007b4                HAL_MspInit
 .text.HAL_TIM_Base_MspInit
                0x00000000080007fc       0x50 Core\Src\stm32f0xx_hal_msp.o
                0x00000000080007fc                HAL_TIM_Base_MspInit
 .text.HAL_TIM_MspPostInit
                0x000000000800084c       0x80 Core\Src\stm32f0xx_hal_msp.o
                0x000000000800084c                HAL_TIM_MspPostInit
 .text.NMI_Handler
                0x00000000080008cc        0xa Core\Src\stm32f0xx_it.o
                0x00000000080008cc                NMI_Handler
 .text.HardFault_Handler
                0x00000000080008d6        0x6 Core\Src\stm32f0xx_it.o
                0x00000000080008d6                HardFault_Handler
 .text.SVC_Handler
                0x00000000080008dc        0xa Core\Src\stm32f0xx_it.o
                0x00000000080008dc                SVC_Handler
 .text.PendSV_Handler
                0x00000000080008e6        0xa Core\Src\stm32f0xx_it.o
                0x00000000080008e6                PendSV_Handler
 .text.SysTick_Handler
                0x00000000080008f0        0xe Core\Src\stm32f0xx_it.o
                0x00000000080008f0                SysTick_Handler
 .text.EXTI0_1_IRQHandler
                0x00000000080008fe       0x10 Core\Src\stm32f0xx_it.o
                0x00000000080008fe                EXTI0_1_IRQHandler
 *fill*         0x000000000800090e        0x2 
 .text.TIM1_CC_IRQHandler
                0x0000000008000910       0x18 Core\Src\stm32f0xx_it.o
                0x0000000008000910                TIM1_CC_IRQHandler
 .text.SystemInit
                0x0000000008000928        0xa Core\Src\system_stm32f0xx.o
                0x0000000008000928                SystemInit
 *fill*         0x0000000008000932        0x2 
 .text.Reset_Handler
                0x0000000008000934       0x50 Core\Startup\startup_stm32f051r8tx.o
                0x0000000008000934                Reset_Handler
 .text.Default_Handler
                0x0000000008000984        0x2 Core\Startup\startup_stm32f051r8tx.o
                0x0000000008000984                TSC_IRQHandler
                0x0000000008000984                ADC1_COMP_IRQHandler
                0x0000000008000984                PVD_IRQHandler
                0x0000000008000984                I2C1_IRQHandler
                0x0000000008000984                RCC_CRS_IRQHandler
                0x0000000008000984                SPI1_IRQHandler
                0x0000000008000984                TIM6_DAC_IRQHandler
                0x0000000008000984                EXTI2_3_IRQHandler
                0x0000000008000984                I2C2_IRQHandler
                0x0000000008000984                TIM17_IRQHandler
                0x0000000008000984                CEC_CAN_IRQHandler
                0x0000000008000984                RTC_IRQHandler
                0x0000000008000984                TIM16_IRQHandler
                0x0000000008000984                TIM3_IRQHandler
                0x0000000008000984                EXTI4_15_IRQHandler
                0x0000000008000984                DMA1_Channel1_IRQHandler
                0x0000000008000984                Default_Handler
                0x0000000008000984                TIM14_IRQHandler
                0x0000000008000984                DMA1_Channel4_5_IRQHandler
                0x0000000008000984                TIM15_IRQHandler
                0x0000000008000984                SPI2_IRQHandler
                0x0000000008000984                WWDG_IRQHandler
                0x0000000008000984                TIM2_IRQHandler
                0x0000000008000984                DMA1_Channel2_3_IRQHandler
                0x0000000008000984                USART2_IRQHandler
                0x0000000008000984                FLASH_IRQHandler
                0x0000000008000984                USART1_IRQHandler
                0x0000000008000984                TIM1_BRK_UP_TRG_COM_IRQHandler
 *fill*         0x0000000008000986        0x2 
 .text.HAL_Init
                0x0000000008000988       0x28 Drivers\STM32F0xx_HAL_Driver\Src\stm32f0xx_hal.o
                0x0000000008000988                HAL_Init
 .text.HAL_InitTick
                0x00000000080009b0       0x68 Drivers\STM32F0xx_HAL_Driver\Src\stm32f0xx_hal.o
                0x00000000080009b0                HAL_InitTick
 .text.HAL_IncTick
                0x0000000008000a18       0x24 Drivers\STM32F0xx_HAL_Driver\Src\stm32f0xx_hal.o
                0x0000000008000a18                HAL_IncTick
 .text.HAL_GetTick
                0x0000000008000a3c       0x14 Drivers\STM32F0xx_HAL_Driver\Src\stm32f0xx_hal.o
                0x0000000008000a3c                HAL_GetTick
 .text.__NVIC_EnableIRQ
                0x0000000008000a50       0x34 Drivers\STM32F0xx_HAL_Driver\Src\stm32f0xx_hal_cortex.o
 .text.__NVIC_SetPriority
                0x0000000008000a84       0xdc Drivers\STM32F0xx_HAL_Driver\Src\stm32f0xx_hal_cortex.o
 .text.SysTick_Config
                0x0000000008000b60       0x48 Drivers\STM32F0xx_HAL_Driver\Src\stm32f0xx_hal_cortex.o
 .text.HAL_NVIC_SetPriority
                0x0000000008000ba8       0x2a Drivers\STM32F0xx_HAL_Driver\Src\stm32f0xx_hal_cortex.o
                0x0000000008000ba8                HAL_NVIC_SetPriority
 .text.HAL_NVIC_EnableIRQ
                0x0000000008000bd2       0x20 Drivers\STM32F0xx_HAL_Driver\Src\stm32f0xx_hal_cortex.o
                0x0000000008000bd2                HAL_NVIC_EnableIRQ
 .text.HAL_SYSTICK_Config
                0x0000000008000bf2       0x1a Drivers\STM32F0xx_HAL_Driver\Src\stm32f0xx_hal_cortex.o
                0x0000000008000bf2                HAL_SYSTICK_Config
 .text.HAL_GPIO_Init
                0x0000000008000c0c      0x2e0 Drivers\STM32F0xx_HAL_Driver\Src\stm32f0xx_hal_gpio.o
                0x0000000008000c0c                HAL_GPIO_Init
 .text.HAL_GPIO_ReadPin
                0x0000000008000eec       0x3a Drivers\STM32F0xx_HAL_Driver\Src\stm32f0xx_hal_gpio.o
                0x0000000008000eec                HAL_GPIO_ReadPin
 .text.HAL_GPIO_WritePin
                0x0000000008000f26       0x3a Drivers\STM32F0xx_HAL_Driver\Src\stm32f0xx_hal_gpio.o
                0x0000000008000f26                HAL_GPIO_WritePin
 .text.HAL_GPIO_TogglePin
                0x0000000008000f60       0x36 Drivers\STM32F0xx_HAL_Driver\Src\stm32f0xx_hal_gpio.o
                0x0000000008000f60                HAL_GPIO_TogglePin
 *fill*         0x0000000008000f96        0x2 
 .text.HAL_GPIO_EXTI_IRQHandler
                0x0000000008000f98       0x38 Drivers\STM32F0xx_HAL_Driver\Src\stm32f0xx_hal_gpio.o
                0x0000000008000f98                HAL_GPIO_EXTI_IRQHandler
 .text.HAL_RCC_OscConfig
                0x0000000008000fd0      0x638 Drivers\STM32F0xx_HAL_Driver\Src\stm32f0xx_hal_rcc.o
                0x0000000008000fd0                HAL_RCC_OscConfig
 .text.HAL_RCC_ClockConfig
                0x0000000008001608      0x19c Drivers\STM32F0xx_HAL_Driver\Src\stm32f0xx_hal_rcc.o
                0x0000000008001608                HAL_RCC_ClockConfig
 .text.HAL_RCC_GetSysClockFreq
                0x00000000080017a4       0xc8 Drivers\STM32F0xx_HAL_Driver\Src\stm32f0xx_hal_rcc.o
                0x00000000080017a4                HAL_RCC_GetSysClockFreq
 .text.HAL_TIM_Base_Init
                0x000000000800186c       0x58 Drivers\STM32F0xx_HAL_Driver\Src\stm32f0xx_hal_tim.o
                0x000000000800186c                HAL_TIM_Base_Init
 .text.HAL_TIM_OC_Init
                0x00000000080018c4       0x58 Drivers\STM32F0xx_HAL_Driver\Src\stm32f0xx_hal_tim.o
                0x00000000080018c4                HAL_TIM_OC_Init
 .text.HAL_TIM_OC_MspInit
                0x000000000800191c       0x10 Drivers\STM32F0xx_HAL_Driver\Src\stm32f0xx_hal_tim.o
                0x000000000800191c                HAL_TIM_OC_MspInit
 .text.HAL_TIM_OC_Start_IT
                0x000000000800192c       0xf8 Drivers\STM32F0xx_HAL_Driver\Src\stm32f0xx_hal_tim.o
                0x000000000800192c                HAL_TIM_OC_Start_IT
 .text.HAL_TIM_IRQHandler
                0x0000000008001a24      0x22c Drivers\STM32F0xx_HAL_Driver\Src\stm32f0xx_hal_tim.o
                0x0000000008001a24                HAL_TIM_IRQHandler
 .text.HAL_TIM_OC_ConfigChannel
                0x0000000008001c50       0x9c Drivers\STM32F0xx_HAL_Driver\Src\stm32f0xx_hal_tim.o
                0x0000000008001c50                HAL_TIM_OC_ConfigChannel
 .text.HAL_TIM_ConfigClockSource
                0x0000000008001cec      0x17c Drivers\STM32F0xx_HAL_Driver\Src\stm32f0xx_hal_tim.o
                0x0000000008001cec                HAL_TIM_ConfigClockSource
 .text.HAL_TIM_PeriodElapsedCallback
                0x0000000008001e68       0x10 Drivers\STM32F0xx_HAL_Driver\Src\stm32f0xx_hal_tim.o
                0x0000000008001e68                HAL_TIM_PeriodElapsedCallback
 .text.HAL_TIM_IC_CaptureCallback
                0x0000000008001e78       0x10 Drivers\STM32F0xx_HAL_Driver\Src\stm32f0xx_hal_tim.o
                0x0000000008001e78                HAL_TIM_IC_CaptureCallback
 .text.HAL_TIM_PWM_PulseFinishedCallback
                0x0000000008001e88       0x10 Drivers\STM32F0xx_HAL_Driver\Src\stm32f0xx_hal_tim.o
                0x0000000008001e88                HAL_TIM_PWM_PulseFinishedCallback
 .text.HAL_TIM_TriggerCallback
                0x0000000008001e98       0x10 Drivers\STM32F0xx_HAL_Driver\Src\stm32f0xx_hal_tim.o
                0x0000000008001e98                HAL_TIM_TriggerCallback
 .text.TIM_Base_SetConfig
                0x0000000008001ea8      0x100 Drivers\STM32F0xx_HAL_Driver\Src\stm32f0xx_hal_tim.o
                0x0000000008001ea8                TIM_Base_SetConfig
 .text.TIM_OC1_SetConfig
                0x0000000008001fa8      0x110 Drivers\STM32F0xx_HAL_Driver\Src\stm32f0xx_hal_tim.o
 .text.TIM_OC2_SetConfig
                0x00000000080020b8      0x108 Drivers\STM32F0xx_HAL_Driver\Src\stm32f0xx_hal_tim.o
                0x00000000080020b8                TIM_OC2_SetConfig
 .text.TIM_OC3_SetConfig
                0x00000000080021c0      0x10c Drivers\STM32F0xx_HAL_Driver\Src\stm32f0xx_hal_tim.o
 .text.TIM_OC4_SetConfig
                0x00000000080022cc       0xd4 Drivers\STM32F0xx_HAL_Driver\Src\stm32f0xx_hal_tim.o
 .text.TIM_TI1_ConfigInputStage
                0x00000000080023a0       0x5c Drivers\STM32F0xx_HAL_Driver\Src\stm32f0xx_hal_tim.o
 .text.TIM_TI2_ConfigInputStage
                0x00000000080023fc       0x64 Drivers\STM32F0xx_HAL_Driver\Src\stm32f0xx_hal_tim.o
 .text.TIM_ITRx_SetConfig
                0x0000000008002460       0x32 Drivers\STM32F0xx_HAL_Driver\Src\stm32f0xx_hal_tim.o
 *fill*         0x0000000008002492        0x2 
 .text.TIM_ETR_SetConfig
                0x0000000008002494       0x40 Drivers\STM32F0xx_HAL_Driver\Src\stm32f0xx_hal_tim.o
                0x0000000008002494                TIM_ETR_SetConfig
 .text.TIM_CCxChannelCmd
                0x00000000080024d4       0x46 Drivers\STM32F0xx_HAL_Driver\Src\stm32f0xx_hal_tim.o
                0x00000000080024d4                TIM_CCxChannelCmd
 *fill*         0x000000000800251a        0x2 
 .text.HAL_TIMEx_MasterConfigSynchronization
                0x000000000800251c       0xbc Drivers\STM32F0xx_HAL_Driver\Src\stm32f0xx_hal_tim_ex.o
                0x000000000800251c                HAL_TIMEx_MasterConfigSynchronization
 .text.HAL_TIMEx_ConfigBreakDeadTime
                0x00000000080025d8       0xbc Drivers\STM32F0xx_HAL_Driver\Src\stm32f0xx_hal_tim_ex.o
                0x00000000080025d8                HAL_TIMEx_ConfigBreakDeadTime
 .text.HAL_TIMEx_CommutCallback
                0x0000000008002694       0x10 Drivers\STM32F0xx_HAL_Driver\Src\stm32f0xx_hal_tim_ex.o
                0x0000000008002694                HAL_TIMEx_CommutCallback
 .text.HAL_TIMEx_BreakCallback
                0x00000000080026a4       0x10 Drivers\STM32F0xx_HAL_Driver\Src\stm32f0xx_hal_tim_ex.o
                0x00000000080026a4                HAL_TIMEx_BreakCallback
 .text.__libc_init_array
                0x00000000080026b4       0x48 c:/st/stm32cubeide_1.2.0/stm32cubeide/plugins/com.st.stm32cube.ide.mcu.externaltools.gnu-tools-for-stm32.7-2018-q2-update.win32_1.0.0.201904181610/tools/bin/../lib/gcc/arm-none-eabi/7.3.1/../../../../arm-none-eabi/lib/thumb/v6-m\libc_nano.a(lib_a-init.o)
                0x00000000080026b4                __libc_init_array
 .text.memset   0x00000000080026fc       0x10 c:/st/stm32cubeide_1.2.0/stm32cubeide/plugins/com.st.stm32cube.ide.mcu.externaltools.gnu-tools-for-stm32.7-2018-q2-update.win32_1.0.0.201904181610/tools/bin/../lib/gcc/arm-none-eabi/7.3.1/../../../../arm-none-eabi/lib/thumb/v6-m\libc_nano.a(lib_a-memset.o)
                0x00000000080026fc                memset
 *(.glue_7)
 .glue_7        0x000000000800270c        0x0 linker stubs
 *(.glue_7t)
 .glue_7t       0x000000000800270c        0x0 linker stubs
 *(.eh_frame)
 .eh_frame      0x000000000800270c        0x0 c:/st/stm32cubeide_1.2.0/stm32cubeide/plugins/com.st.stm32cube.ide.mcu.externaltools.gnu-tools-for-stm32.7-2018-q2-update.win32_1.0.0.201904181610/tools/bin/../lib/gcc/arm-none-eabi/7.3.1/thumb/v6-m/crtbegin.o
 *(.init)
 .init          0x000000000800270c        0x4 c:/st/stm32cubeide_1.2.0/stm32cubeide/plugins/com.st.stm32cube.ide.mcu.externaltools.gnu-tools-for-stm32.7-2018-q2-update.win32_1.0.0.201904181610/tools/bin/../lib/gcc/arm-none-eabi/7.3.1/thumb/v6-m/crti.o
                0x000000000800270c                _init
 .init          0x0000000008002710        0x8 c:/st/stm32cubeide_1.2.0/stm32cubeide/plugins/com.st.stm32cube.ide.mcu.externaltools.gnu-tools-for-stm32.7-2018-q2-update.win32_1.0.0.201904181610/tools/bin/../lib/gcc/arm-none-eabi/7.3.1/thumb/v6-m/crtn.o
 *(.fini)
 .fini          0x0000000008002718        0x4 c:/st/stm32cubeide_1.2.0/stm32cubeide/plugins/com.st.stm32cube.ide.mcu.externaltools.gnu-tools-for-stm32.7-2018-q2-update.win32_1.0.0.201904181610/tools/bin/../lib/gcc/arm-none-eabi/7.3.1/thumb/v6-m/crti.o
                0x0000000008002718                _fini
 .fini          0x000000000800271c        0x8 c:/st/stm32cubeide_1.2.0/stm32cubeide/plugins/com.st.stm32cube.ide.mcu.externaltools.gnu-tools-for-stm32.7-2018-q2-update.win32_1.0.0.201904181610/tools/bin/../lib/gcc/arm-none-eabi/7.3.1/thumb/v6-m/crtn.o
                0x0000000008002724                . = ALIGN (0x4)
                0x0000000008002724                _etext = .

.vfp11_veneer   0x0000000008002724        0x0
 .vfp11_veneer  0x0000000008002724        0x0 linker stubs

.v4_bx          0x0000000008002724        0x0
 .v4_bx         0x0000000008002724        0x0 linker stubs

.iplt           0x0000000008002724        0x0
 .iplt          0x0000000008002724        0x0 c:/st/stm32cubeide_1.2.0/stm32cubeide/plugins/com.st.stm32cube.ide.mcu.externaltools.gnu-tools-for-stm32.7-2018-q2-update.win32_1.0.0.201904181610/tools/bin/../lib/gcc/arm-none-eabi/7.3.1/thumb/v6-m/crtbegin.o

.rodata         0x0000000008002724       0x30
                0x0000000008002724                . = ALIGN (0x4)
 *(.rodata)
 .rodata        0x0000000008002724       0x20 Drivers\STM32F0xx_HAL_Driver\Src\stm32f0xx_hal_rcc.o
 *(.rodata*)
 .rodata.AHBPrescTable
                0x0000000008002744       0x10 Core\Src\system_stm32f0xx.o
                0x0000000008002744                AHBPrescTable
                0x0000000008002754                . = ALIGN (0x4)

.rel.dyn        0x0000000008002754        0x0
 .rel.iplt      0x0000000008002754        0x0 c:/st/stm32cubeide_1.2.0/stm32cubeide/plugins/com.st.stm32cube.ide.mcu.externaltools.gnu-tools-for-stm32.7-2018-q2-update.win32_1.0.0.201904181610/tools/bin/../lib/gcc/arm-none-eabi/7.3.1/thumb/v6-m/crtbegin.o

.ARM.extab      0x0000000008002754        0x0
                0x0000000008002754                . = ALIGN (0x4)
 *(.ARM.extab* .gnu.linkonce.armextab.*)
                0x0000000008002754                . = ALIGN (0x4)

.ARM            0x0000000008002754        0x0
                0x0000000008002754                . = ALIGN (0x4)
                0x0000000008002754                __exidx_start = .
 *(.ARM.exidx*)
                0x0000000008002754                __exidx_end = .
                0x0000000008002754                . = ALIGN (0x4)

.preinit_array  0x0000000008002754        0x0
                0x0000000008002754                . = ALIGN (0x4)
                0x0000000008002754                PROVIDE (__preinit_array_start = .)
 *(.preinit_array*)
                0x0000000008002754                PROVIDE (__preinit_array_end = .)
                0x0000000008002754                . = ALIGN (0x4)

.init_array     0x0000000008002754        0x4
                0x0000000008002754                . = ALIGN (0x4)
                0x0000000008002754                PROVIDE (__init_array_start = .)
 *(SORT_BY_NAME(.init_array.*))
 *(.init_array*)
 .init_array    0x0000000008002754        0x4 c:/st/stm32cubeide_1.2.0/stm32cubeide/plugins/com.st.stm32cube.ide.mcu.externaltools.gnu-tools-for-stm32.7-2018-q2-update.win32_1.0.0.201904181610/tools/bin/../lib/gcc/arm-none-eabi/7.3.1/thumb/v6-m/crtbegin.o
                0x0000000008002758                PROVIDE (__init_array_end = .)
                0x0000000008002758                . = ALIGN (0x4)

.fini_array     0x0000000008002758        0x4
                0x0000000008002758                . = ALIGN (0x4)
                [!provide]                        PROVIDE (__fini_array_start = .)
 *(SORT_BY_NAME(.fini_array.*))
 *(.fini_array*)
 .fini_array    0x0000000008002758        0x4 c:/st/stm32cubeide_1.2.0/stm32cubeide/plugins/com.st.stm32cube.ide.mcu.externaltools.gnu-tools-for-stm32.7-2018-q2-update.win32_1.0.0.201904181610/tools/bin/../lib/gcc/arm-none-eabi/7.3.1/thumb/v6-m/crtbegin.o
                [!provide]                        PROVIDE (__fini_array_end = .)
                0x000000000800275c                . = ALIGN (0x4)
                0x000000000800275c                _sidata = LOADADDR (.data)

.data           0x0000000020000000        0xc load address 0x000000000800275c
                0x0000000020000000                . = ALIGN (0x4)
                0x0000000020000000                _sdata = .
 *(.data)
 *(.data*)
 .data.SystemCoreClock
                0x0000000020000000        0x4 Core\Src\system_stm32f0xx.o
                0x0000000020000000                SystemCoreClock
 .data.uwTickPrio
                0x0000000020000004        0x4 Drivers\STM32F0xx_HAL_Driver\Src\stm32f0xx_hal.o
                0x0000000020000004                uwTickPrio
 .data.uwTickFreq
                0x0000000020000008        0x1 Drivers\STM32F0xx_HAL_Driver\Src\stm32f0xx_hal.o
                0x0000000020000008                uwTickFreq
                0x000000002000000c                . = ALIGN (0x4)
 *fill*         0x0000000020000009        0x3 
                0x000000002000000c                _edata = .

.igot.plt       0x000000002000000c        0x0 load address 0x0000000008002768
 .igot.plt      0x000000002000000c        0x0 c:/st/stm32cubeide_1.2.0/stm32cubeide/plugins/com.st.stm32cube.ide.mcu.externaltools.gnu-tools-for-stm32.7-2018-q2-update.win32_1.0.0.201904181610/tools/bin/../lib/gcc/arm-none-eabi/7.3.1/thumb/v6-m/crtbegin.o
                0x000000002000000c                . = ALIGN (0x4)

.bss            0x000000002000000c       0x68 load address 0x0000000008002768
                0x000000002000000c                _sbss = .
                0x000000002000000c                __bss_start__ = _sbss
 *(.bss)
 .bss           0x000000002000000c       0x1c c:/st/stm32cubeide_1.2.0/stm32cubeide/plugins/com.st.stm32cube.ide.mcu.externaltools.gnu-tools-for-stm32.7-2018-q2-update.win32_1.0.0.201904181610/tools/bin/../lib/gcc/arm-none-eabi/7.3.1/thumb/v6-m/crtbegin.o
 *(.bss*)
 .bss.tim_state
                0x0000000020000028        0x1 Core\Src\main.o
                0x0000000020000028                tim_state
 *fill*         0x0000000020000029        0x1 
 .bss.motor_count
                0x000000002000002a        0x2 Core\Src\main.o
                0x000000002000002a                motor_count
 .bss.set_motor_steps
                0x000000002000002c        0x2 Core\Src\motor.o
                0x000000002000002c                set_motor_steps
 *(COMMON)
 *fill*         0x000000002000002e        0x2 
 COMMON         0x0000000020000030       0x40 Core\Src\main.o
                0x0000000020000030                htim1
 COMMON         0x0000000020000070        0x4 Drivers\STM32F0xx_HAL_Driver\Src\stm32f0xx_hal.o
                0x0000000020000070                uwTick
                0x0000000020000074                . = ALIGN (0x4)
                0x0000000020000074                _ebss = .
                0x0000000020000074                __bss_end__ = _ebss

._user_heap_stack
                0x0000000020000074      0x604 load address 0x0000000008002768
                0x0000000020000078                . = ALIGN (0x8)
 *fill*         0x0000000020000074        0x4 
                0x0000000020000078                PROVIDE (end = .)
                [!provide]                        PROVIDE (_end = .)
                0x0000000020000278                . = (. + _Min_Heap_Size)
 *fill*         0x0000000020000078      0x200 
                0x0000000020000678                . = (. + _Min_Stack_Size)
 *fill*         0x0000000020000278      0x400 
                0x0000000020000678                . = ALIGN (0x8)

/DISCARD/
 libc.a(*)
 libm.a(*)
 libgcc.a(*)

.ARM.attributes
                0x0000000000000000       0x28
 *(.ARM.attributes)
 .ARM.attributes
                0x0000000000000000       0x1e c:/st/stm32cubeide_1.2.0/stm32cubeide/plugins/com.st.stm32cube.ide.mcu.externaltools.gnu-tools-for-stm32.7-2018-q2-update.win32_1.0.0.201904181610/tools/bin/../lib/gcc/arm-none-eabi/7.3.1/thumb/v6-m/crti.o
 .ARM.attributes
                0x000000000000001e       0x2c c:/st/stm32cubeide_1.2.0/stm32cubeide/plugins/com.st.stm32cube.ide.mcu.externaltools.gnu-tools-for-stm32.7-2018-q2-update.win32_1.0.0.201904181610/tools/bin/../lib/gcc/arm-none-eabi/7.3.1/thumb/v6-m/crtbegin.o
 .ARM.attributes
                0x000000000000004a       0x31 Core\Src\main.o
 .ARM.attributes
                0x000000000000007b       0x31 Core\Src\motor.o
 .ARM.attributes
                0x00000000000000ac       0x31 Core\Src\stm32f0xx_hal_msp.o
 .ARM.attributes
                0x00000000000000dd       0x31 Core\Src\stm32f0xx_it.o
 .ARM.attributes
                0x000000000000010e       0x31 Core\Src\system_stm32f0xx.o
 .ARM.attributes
                0x000000000000013f       0x21 Core\Startup\startup_stm32f051r8tx.o
 .ARM.attributes
                0x0000000000000160       0x31 Drivers\STM32F0xx_HAL_Driver\Src\stm32f0xx_hal.o
 .ARM.attributes
                0x0000000000000191       0x31 Drivers\STM32F0xx_HAL_Driver\Src\stm32f0xx_hal_cortex.o
 .ARM.attributes
                0x00000000000001c2       0x31 Drivers\STM32F0xx_HAL_Driver\Src\stm32f0xx_hal_gpio.o
 .ARM.attributes
                0x00000000000001f3       0x31 Drivers\STM32F0xx_HAL_Driver\Src\stm32f0xx_hal_rcc.o
 .ARM.attributes
                0x0000000000000224       0x31 Drivers\STM32F0xx_HAL_Driver\Src\stm32f0xx_hal_tim.o
 .ARM.attributes
                0x0000000000000255       0x31 Drivers\STM32F0xx_HAL_Driver\Src\stm32f0xx_hal_tim_ex.o
 .ARM.attributes
                0x0000000000000286       0x2c c:/st/stm32cubeide_1.2.0/stm32cubeide/plugins/com.st.stm32cube.ide.mcu.externaltools.gnu-tools-for-stm32.7-2018-q2-update.win32_1.0.0.201904181610/tools/bin/../lib/gcc/arm-none-eabi/7.3.1/../../../../arm-none-eabi/lib/thumb/v6-m\libc_nano.a(lib_a-init.o)
 .ARM.attributes
                0x00000000000002b2       0x2c c:/st/stm32cubeide_1.2.0/stm32cubeide/plugins/com.st.stm32cube.ide.mcu.externaltools.gnu-tools-for-stm32.7-2018-q2-update.win32_1.0.0.201904181610/tools/bin/../lib/gcc/arm-none-eabi/7.3.1/../../../../arm-none-eabi/lib/thumb/v6-m\libc_nano.a(lib_a-memset.o)
 .ARM.attributes
                0x00000000000002de       0x1e c:/st/stm32cubeide_1.2.0/stm32cubeide/plugins/com.st.stm32cube.ide.mcu.externaltools.gnu-tools-for-stm32.7-2018-q2-update.win32_1.0.0.201904181610/tools/bin/../lib/gcc/arm-none-eabi/7.3.1/thumb/v6-m\libgcc.a(_udivsi3.o)
 .ARM.attributes
                0x00000000000002fc       0x1e c:/st/stm32cubeide_1.2.0/stm32cubeide/plugins/com.st.stm32cube.ide.mcu.externaltools.gnu-tools-for-stm32.7-2018-q2-update.win32_1.0.0.201904181610/tools/bin/../lib/gcc/arm-none-eabi/7.3.1/thumb/v6-m\libgcc.a(_dvmd_tls.o)
 .ARM.attributes
                0x000000000000031a       0x1e c:/st/stm32cubeide_1.2.0/stm32cubeide/plugins/com.st.stm32cube.ide.mcu.externaltools.gnu-tools-for-stm32.7-2018-q2-update.win32_1.0.0.201904181610/tools/bin/../lib/gcc/arm-none-eabi/7.3.1/thumb/v6-m/crtn.o
OUTPUT(power_testing.elf elf32-littlearm)

.debug_info     0x0000000000000000     0x751a
 .debug_info    0x0000000000000000      0xce1 Core\Src\main.o
 .debug_info    0x0000000000000ce1      0x2eb Core\Src\motor.o
 .debug_info    0x0000000000000fcc      0x973 Core\Src\stm32f0xx_hal_msp.o
 .debug_info    0x000000000000193f      0x65d Core\Src\stm32f0xx_it.o
 .debug_info    0x0000000000001f9c      0x29e Core\Src\system_stm32f0xx.o
 .debug_info    0x000000000000223a       0x22 Core\Startup\startup_stm32f051r8tx.o
 .debug_info    0x000000000000225c      0x6a8 Drivers\STM32F0xx_HAL_Driver\Src\stm32f0xx_hal.o
 .debug_info    0x0000000000002904      0x77a Drivers\STM32F0xx_HAL_Driver\Src\stm32f0xx_hal_cortex.o
 .debug_info    0x000000000000307e      0x673 Drivers\STM32F0xx_HAL_Driver\Src\stm32f0xx_hal_gpio.o
 .debug_info    0x00000000000036f1      0x821 Drivers\STM32F0xx_HAL_Driver\Src\stm32f0xx_hal_rcc.o
 .debug_info    0x0000000000003f12     0x2522 Drivers\STM32F0xx_HAL_Driver\Src\stm32f0xx_hal_tim.o
 .debug_info    0x0000000000006434     0x10e6 Drivers\STM32F0xx_HAL_Driver\Src\stm32f0xx_hal_tim_ex.o

.debug_abbrev   0x0000000000000000     0x1432
 .debug_abbrev  0x0000000000000000      0x217 Core\Src\main.o
 .debug_abbrev  0x0000000000000217      0x12f Core\Src\motor.o
 .debug_abbrev  0x0000000000000346      0x1a6 Core\Src\stm32f0xx_hal_msp.o
 .debug_abbrev  0x00000000000004ec      0x169 Core\Src\stm32f0xx_it.o
 .debug_abbrev  0x0000000000000655      0x12b Core\Src\system_stm32f0xx.o
 .debug_abbrev  0x0000000000000780       0x12 Core\Startup\startup_stm32f051r8tx.o
 .debug_abbrev  0x0000000000000792      0x1f2 Drivers\STM32F0xx_HAL_Driver\Src\stm32f0xx_hal.o
 .debug_abbrev  0x0000000000000984      0x273 Drivers\STM32F0xx_HAL_Driver\Src\stm32f0xx_hal_cortex.o
 .debug_abbrev  0x0000000000000bf7      0x1c0 Drivers\STM32F0xx_HAL_Driver\Src\stm32f0xx_hal_gpio.o
 .debug_abbrev  0x0000000000000db7      0x20f Drivers\STM32F0xx_HAL_Driver\Src\stm32f0xx_hal_rcc.o
 .debug_abbrev  0x0000000000000fc6      0x23f Drivers\STM32F0xx_HAL_Driver\Src\stm32f0xx_hal_tim.o
 .debug_abbrev  0x0000000000001205      0x22d Drivers\STM32F0xx_HAL_Driver\Src\stm32f0xx_hal_tim_ex.o

.debug_aranges  0x0000000000000000      0x8c0
 .debug_aranges
                0x0000000000000000       0x50 Core\Src\main.o
 .debug_aranges
                0x0000000000000050       0x28 Core\Src\motor.o
 .debug_aranges
                0x0000000000000078       0x38 Core\Src\stm32f0xx_hal_msp.o
 .debug_aranges
                0x00000000000000b0       0x50 Core\Src\stm32f0xx_it.o
 .debug_aranges
                0x0000000000000100       0x28 Core\Src\system_stm32f0xx.o
 .debug_aranges
                0x0000000000000128       0x28 Core\Startup\startup_stm32f051r8tx.o
 .debug_aranges
                0x0000000000000150       0xd0 Drivers\STM32F0xx_HAL_Driver\Src\stm32f0xx_hal.o
 .debug_aranges
                0x0000000000000220       0xc0 Drivers\STM32F0xx_HAL_Driver\Src\stm32f0xx_hal_cortex.o
 .debug_aranges
                0x00000000000002e0       0x58 Drivers\STM32F0xx_HAL_Driver\Src\stm32f0xx_hal_gpio.o
 .debug_aranges
                0x0000000000000338       0x80 Drivers\STM32F0xx_HAL_Driver\Src\stm32f0xx_hal_rcc.o
 .debug_aranges
                0x00000000000003b8      0x3b8 Drivers\STM32F0xx_HAL_Driver\Src\stm32f0xx_hal_tim.o
 .debug_aranges
                0x0000000000000770      0x150 Drivers\STM32F0xx_HAL_Driver\Src\stm32f0xx_hal_tim_ex.o

.debug_ranges   0x0000000000000000      0x820
 .debug_ranges  0x0000000000000000       0x58 Core\Src\main.o
 .debug_ranges  0x0000000000000058       0x18 Core\Src\motor.o
 .debug_ranges  0x0000000000000070       0x28 Core\Src\stm32f0xx_hal_msp.o
 .debug_ranges  0x0000000000000098       0x40 Core\Src\stm32f0xx_it.o
 .debug_ranges  0x00000000000000d8       0x18 Core\Src\system_stm32f0xx.o
 .debug_ranges  0x00000000000000f0       0x20 Core\Startup\startup_stm32f051r8tx.o
 .debug_ranges  0x0000000000000110       0xc0 Drivers\STM32F0xx_HAL_Driver\Src\stm32f0xx_hal.o
 .debug_ranges  0x00000000000001d0       0xb0 Drivers\STM32F0xx_HAL_Driver\Src\stm32f0xx_hal_cortex.o
 .debug_ranges  0x0000000000000280       0x48 Drivers\STM32F0xx_HAL_Driver\Src\stm32f0xx_hal_gpio.o
 .debug_ranges  0x00000000000002c8       0x70 Drivers\STM32F0xx_HAL_Driver\Src\stm32f0xx_hal_rcc.o
 .debug_ranges  0x0000000000000338      0x3a8 Drivers\STM32F0xx_HAL_Driver\Src\stm32f0xx_hal_tim.o
 .debug_ranges  0x00000000000006e0      0x140 Drivers\STM32F0xx_HAL_Driver\Src\stm32f0xx_hal_tim_ex.o

.debug_macro    0x0000000000000000     0xd9cc
 .debug_macro   0x0000000000000000      0x1bd Core\Src\main.o
 .debug_macro   0x00000000000001bd      0xa48 Core\Src\main.o
 .debug_macro   0x0000000000000c05      0x12d Core\Src\main.o
 .debug_macro   0x0000000000000d32       0x2e Core\Src\main.o
 .debug_macro   0x0000000000000d60       0x22 Core\Src\main.o
 .debug_macro   0x0000000000000d82       0x22 Core\Src\main.o
 .debug_macro   0x0000000000000da4       0x8e Core\Src\main.o
 .debug_macro   0x0000000000000e32       0x51 Core\Src\main.o
 .debug_macro   0x0000000000000e83       0xef Core\Src\main.o
 .debug_macro   0x0000000000000f72       0x6a Core\Src\main.o
 .debug_macro   0x0000000000000fdc      0x1df Core\Src\main.o
 .debug_macro   0x00000000000011bb       0x1c Core\Src\main.o
 .debug_macro   0x00000000000011d7       0x22 Core\Src\main.o
 .debug_macro   0x00000000000011f9       0xb5 Core\Src\main.o
 .debug_macro   0x00000000000012ae      0x391 Core\Src\main.o
 .debug_macro   0x000000000000163f     0x8cdd Core\Src\main.o
 .debug_macro   0x000000000000a31c       0x3c Core\Src\main.o
 .debug_macro   0x000000000000a358      0x174 Core\Src\main.o
 .debug_macro   0x000000000000a4cc       0x53 Core\Src\main.o
 .debug_macro   0x000000000000a51f      0x924 Core\Src\main.o
 .debug_macro   0x000000000000ae43      0x251 Core\Src\main.o
 .debug_macro   0x000000000000b094      0x12f Core\Src\main.o
 .debug_macro   0x000000000000b1c3      0x114 Core\Src\main.o
 .debug_macro   0x000000000000b2d7      0x1a0 Core\Src\main.o
 .debug_macro   0x000000000000b477      0x1ed Core\Src\main.o
 .debug_macro   0x000000000000b664       0x34 Core\Src\main.o
 .debug_macro   0x000000000000b698       0x43 Core\Src\main.o
 .debug_macro   0x000000000000b6db       0x28 Core\Src\main.o
 .debug_macro   0x000000000000b703       0xb0 Core\Src\main.o
 .debug_macro   0x000000000000b7b3      0x199 Core\Src\main.o
 .debug_macro   0x000000000000b94c      0x22c Core\Src\main.o
 .debug_macro   0x000000000000bb78       0x5f Core\Src\main.o
 .debug_macro   0x000000000000bbd7       0xa5 Core\Src\main.o
 .debug_macro   0x000000000000bc7c       0x4c Core\Src\main.o
 .debug_macro   0x000000000000bcc8      0x112 Core\Src\main.o
 .debug_macro   0x000000000000bdda      0x8ae Core\Src\main.o
 .debug_macro   0x000000000000c688       0x28 Core\Src\main.o
 .debug_macro   0x000000000000c6b0      0x114 Core\Src\main.o
 .debug_macro   0x000000000000c7c4       0xbe Core\Src\main.o
 .debug_macro   0x000000000000c882       0x1c Core\Src\main.o
 .debug_macro   0x000000000000c89e      0x1b4 Core\Src\motor.o
 .debug_macro   0x000000000000ca52       0x16 Core\Src\motor.o
 .debug_macro   0x000000000000ca68      0x1b4 Core\Src\stm32f0xx_hal_msp.o
 .debug_macro   0x000000000000cc1c      0x1be Core\Src\stm32f0xx_it.o
 .debug_macro   0x000000000000cdda      0x1a5 Core\Src\system_stm32f0xx.o
 .debug_macro   0x000000000000cf7f      0x1c9 Drivers\STM32F0xx_HAL_Driver\Src\stm32f0xx_hal.o
 .debug_macro   0x000000000000d148      0x1a5 Drivers\STM32F0xx_HAL_Driver\Src\stm32f0xx_hal_cortex.o
 .debug_macro   0x000000000000d2ed      0x1dd Drivers\STM32F0xx_HAL_Driver\Src\stm32f0xx_hal_gpio.o
 .debug_macro   0x000000000000d4ca      0x1b7 Drivers\STM32F0xx_HAL_Driver\Src\stm32f0xx_hal_rcc.o
 .debug_macro   0x000000000000d681      0x1a6 Drivers\STM32F0xx_HAL_Driver\Src\stm32f0xx_hal_tim.o
 .debug_macro   0x000000000000d827      0x1a5 Drivers\STM32F0xx_HAL_Driver\Src\stm32f0xx_hal_tim_ex.o

.debug_line     0x0000000000000000     0x6a3a
 .debug_line    0x0000000000000000      0x75d Core\Src\main.o
 .debug_line    0x000000000000075d      0x66e Core\Src\motor.o
 .debug_line    0x0000000000000dcb      0x6ac Core\Src\stm32f0xx_hal_msp.o
 .debug_line    0x0000000000001477      0x6e1 Core\Src\stm32f0xx_it.o
 .debug_line    0x0000000000001b58      0x683 Core\Src\system_stm32f0xx.o
 .debug_line    0x00000000000021db       0x89 Core\Startup\startup_stm32f051r8tx.o
 .debug_line    0x0000000000002264      0x81f Drivers\STM32F0xx_HAL_Driver\Src\stm32f0xx_hal.o
 .debug_line    0x0000000000002a83      0x837 Drivers\STM32F0xx_HAL_Driver\Src\stm32f0xx_hal_cortex.o
 .debug_line    0x00000000000032ba      0x7e4 Drivers\STM32F0xx_HAL_Driver\Src\stm32f0xx_hal_gpio.o
 .debug_line    0x0000000000003a9e      0x8e0 Drivers\STM32F0xx_HAL_Driver\Src\stm32f0xx_hal_rcc.o
 .debug_line    0x000000000000437e     0x1a51 Drivers\STM32F0xx_HAL_Driver\Src\stm32f0xx_hal_tim.o
 .debug_line    0x0000000000005dcf      0xc6b Drivers\STM32F0xx_HAL_Driver\Src\stm32f0xx_hal_tim_ex.o

.debug_str      0x0000000000000000    0x4fb90
 .debug_str     0x0000000000000000    0x4ddc9 Core\Src\main.o
                                      0x4e0b5 (size before relaxing)
 .debug_str     0x000000000004ddc9       0x25 Core\Src\motor.o
                                      0x4d48d (size before relaxing)
 .debug_str     0x000000000004ddee       0x76 Core\Src\stm32f0xx_hal_msp.o
                                      0x4dd24 (size before relaxing)
 .debug_str     0x000000000004de64       0x9c Core\Src\stm32f0xx_it.o
                                      0x4dad6 (size before relaxing)
 .debug_str     0x000000000004df00       0x5f Core\Src\system_stm32f0xx.o
                                      0x4d46f (size before relaxing)
 .debug_str     0x000000000004df5f       0x36 Core\Startup\startup_stm32f051r8tx.o
                                         0x7d (size before relaxing)
 .debug_str     0x000000000004df95      0x39c Drivers\STM32F0xx_HAL_Driver\Src\stm32f0xx_hal.o
                                      0x4d9ad (size before relaxing)
 .debug_str     0x000000000004e331      0x220 Drivers\STM32F0xx_HAL_Driver\Src\stm32f0xx_hal_cortex.o
                                      0x4d861 (size before relaxing)
 .debug_str     0x000000000004e551      0x1f3 Drivers\STM32F0xx_HAL_Driver\Src\stm32f0xx_hal_gpio.o
                                      0x4d70b (size before relaxing)
 .debug_str     0x000000000004e744      0x254 Drivers\STM32F0xx_HAL_Driver\Src\stm32f0xx_hal_rcc.o
                                      0x4d879 (size before relaxing)
 .debug_str     0x000000000004e998      0xd5d Drivers\STM32F0xx_HAL_Driver\Src\stm32f0xx_hal_tim.o
                                      0x4e668 (size before relaxing)
 .debug_str     0x000000000004f6f5      0x49b Drivers\STM32F0xx_HAL_Driver\Src\stm32f0xx_hal_tim_ex.o
                                      0x4de1c (size before relaxing)

.comment        0x0000000000000000       0x7b
 .comment       0x0000000000000000       0x7b Core\Src\main.o
                                         0x7c (size before relaxing)
 .comment       0x000000000000007b       0x7c Core\Src\motor.o
 .comment       0x000000000000007b       0x7c Core\Src\stm32f0xx_hal_msp.o
 .comment       0x000000000000007b       0x7c Core\Src\stm32f0xx_it.o
 .comment       0x000000000000007b       0x7c Core\Src\system_stm32f0xx.o
 .comment       0x000000000000007b       0x7c Drivers\STM32F0xx_HAL_Driver\Src\stm32f0xx_hal.o
 .comment       0x000000000000007b       0x7c Drivers\STM32F0xx_HAL_Driver\Src\stm32f0xx_hal_cortex.o
 .comment       0x000000000000007b       0x7c Drivers\STM32F0xx_HAL_Driver\Src\stm32f0xx_hal_gpio.o
 .comment       0x000000000000007b       0x7c Drivers\STM32F0xx_HAL_Driver\Src\stm32f0xx_hal_rcc.o
 .comment       0x000000000000007b       0x7c Drivers\STM32F0xx_HAL_Driver\Src\stm32f0xx_hal_tim.o
 .comment       0x000000000000007b       0x7c Drivers\STM32F0xx_HAL_Driver\Src\stm32f0xx_hal_tim_ex.o

.debug_frame    0x0000000000000000     0x1ec4
 .debug_frame   0x0000000000000000       0xec Core\Src\main.o
 .debug_frame   0x00000000000000ec       0x50 Core\Src\motor.o
 .debug_frame   0x000000000000013c       0x90 Core\Src\stm32f0xx_hal_msp.o
 .debug_frame   0x00000000000001cc       0xd4 Core\Src\stm32f0xx_it.o
 .debug_frame   0x00000000000002a0       0x4c Core\Src\system_stm32f0xx.o
 .debug_frame   0x00000000000002ec      0x2a4 Drivers\STM32F0xx_HAL_Driver\Src\stm32f0xx_hal.o
 .debug_frame   0x0000000000000590      0x2a0 Drivers\STM32F0xx_HAL_Driver\Src\stm32f0xx_hal_cortex.o
 .debug_frame   0x0000000000000830      0x110 Drivers\STM32F0xx_HAL_Driver\Src\stm32f0xx_hal_gpio.o
 .debug_frame   0x0000000000000940      0x198 Drivers\STM32F0xx_HAL_Driver\Src\stm32f0xx_hal_rcc.o
 .debug_frame   0x0000000000000ad8      0xe90 Drivers\STM32F0xx_HAL_Driver\Src\stm32f0xx_hal_tim.o
 .debug_frame   0x0000000000001968      0x4f0 Drivers\STM32F0xx_HAL_Driver\Src\stm32f0xx_hal_tim_ex.o
 .debug_frame   0x0000000000001e58       0x2c c:/st/stm32cubeide_1.2.0/stm32cubeide/plugins/com.st.stm32cube.ide.mcu.externaltools.gnu-tools-for-stm32.7-2018-q2-update.win32_1.0.0.201904181610/tools/bin/../lib/gcc/arm-none-eabi/7.3.1/../../../../arm-none-eabi/lib/thumb/v6-m\libc_nano.a(lib_a-init.o)
 .debug_frame   0x0000000000001e84       0x20 c:/st/stm32cubeide_1.2.0/stm32cubeide/plugins/com.st.stm32cube.ide.mcu.externaltools.gnu-tools-for-stm32.7-2018-q2-update.win32_1.0.0.201904181610/tools/bin/../lib/gcc/arm-none-eabi/7.3.1/../../../../arm-none-eabi/lib/thumb/v6-m\libc_nano.a(lib_a-memset.o)
 .debug_frame   0x0000000000001ea4       0x20 c:/st/stm32cubeide_1.2.0/stm32cubeide/plugins/com.st.stm32cube.ide.mcu.externaltools.gnu-tools-for-stm32.7-2018-q2-update.win32_1.0.0.201904181610/tools/bin/../lib/gcc/arm-none-eabi/7.3.1/thumb/v6-m\libgcc.a(_udivsi3.o)
