main.c:91:6:HAL_TIM_OC_DelayElapsedCallback	24	static
main.c:167:6:HAL_GPIO_EXTI_Callback	32	static
main.c:217:6:HAL_ADC_LevelOutOfWindowCallback	16	static
main.c:228:5:main	8	static
main.c:296:6:SystemClock_Config	104	static
main.c:344:13:MX_ADC_Init	40	static
main.c:408:13:MX_RTC_Init	32	static
main.c:470:13:MX_SPI1_Init	8	static
main.c:510:13:MX_TIM1_Init	96	static
main.c:585:13:MX_TIM2_Init	64	static
main.c:643:13:MX_TIM15_Init	96	static
main.c:718:13:MX_GPIO_Init	48	static
main.c:796:6:Error_Handler	8	static
